Archive member included because of file (symbol)

/Applications/Simplicity Studio.app/Contents/Eclipse/developer/toolchains/gnu_arm/4.9_2015q3/bin/../lib/gcc/arm-none-eabi/4.9.3/armv7e-m/softfp/libgcc.a(_arm_addsubdf3.o)
                              ./src/epsilometer_menu.o (__aeabi_ui2d)
/Applications/Simplicity Studio.app/Contents/Eclipse/developer/toolchains/gnu_arm/4.9_2015q3/bin/../lib/gcc/arm-none-eabi/4.9.3/armv7e-m/softfp/libgcc.a(_arm_muldivdf3.o)
                              ./src/epsilometer_menu.o (__aeabi_dmul)
/Applications/Simplicity Studio.app/Contents/Eclipse/developer/toolchains/gnu_arm/4.9_2015q3/bin/../lib/gcc/arm-none-eabi/4.9.3/armv7e-m/softfp/libgcc.a(_arm_fixunsdfsi.o)
                              ./src/epsilometer_menu.o (__aeabi_d2uiz)
/Applications/Simplicity Studio.app/Contents/Eclipse/developer/toolchains/gnu_arm/4.9_2015q3/bin/../lib/gcc/arm-none-eabi/4.9.3/armv7e-m/softfp/libgcc.a(_aeabi_uldivmod.o)
                              ./emlib/em_usart.o (__aeabi_uldivmod)
/Applications/Simplicity Studio.app/Contents/Eclipse/developer/toolchains/gnu_arm/4.9_2015q3/bin/../lib/gcc/arm-none-eabi/4.9.3/armv7e-m/softfp/libgcc.a(bpabi.o)
                              /Applications/Simplicity Studio.app/Contents/Eclipse/developer/toolchains/gnu_arm/4.9_2015q3/bin/../lib/gcc/arm-none-eabi/4.9.3/armv7e-m/softfp/libgcc.a(_aeabi_uldivmod.o) (__gnu_uldivmod_helper)
/Applications/Simplicity Studio.app/Contents/Eclipse/developer/toolchains/gnu_arm/4.9_2015q3/bin/../lib/gcc/arm-none-eabi/4.9.3/armv7e-m/softfp/libgcc.a(_dvmd_tls.o)
                              /Applications/Simplicity Studio.app/Contents/Eclipse/developer/toolchains/gnu_arm/4.9_2015q3/bin/../lib/gcc/arm-none-eabi/4.9.3/armv7e-m/softfp/libgcc.a(_aeabi_uldivmod.o) (__aeabi_ldiv0)
/Applications/Simplicity Studio.app/Contents/Eclipse/developer/toolchains/gnu_arm/4.9_2015q3/bin/../lib/gcc/arm-none-eabi/4.9.3/armv7e-m/softfp/libgcc.a(_divdi3.o)
                              /Applications/Simplicity Studio.app/Contents/Eclipse/developer/toolchains/gnu_arm/4.9_2015q3/bin/../lib/gcc/arm-none-eabi/4.9.3/armv7e-m/softfp/libgcc.a(bpabi.o) (__divdi3)
/Applications/Simplicity Studio.app/Contents/Eclipse/developer/toolchains/gnu_arm/4.9_2015q3/bin/../lib/gcc/arm-none-eabi/4.9.3/armv7e-m/softfp/libgcc.a(_udivdi3.o)
                              /Applications/Simplicity Studio.app/Contents/Eclipse/developer/toolchains/gnu_arm/4.9_2015q3/bin/../lib/gcc/arm-none-eabi/4.9.3/armv7e-m/softfp/libgcc.a(bpabi.o) (__udivdi3)
/Applications/Simplicity Studio.app/Contents/Eclipse/developer/toolchains/gnu_arm/4.9_2015q3/bin/../lib/gcc/arm-none-eabi/4.9.3/../../../../arm-none-eabi/lib/armv7e-m/softfp/libc_nano.a(lib_a-exit.o)
                              /Applications/Simplicity Studio.app/Contents/Eclipse/developer/toolchains/gnu_arm/4.9_2015q3/bin/../lib/gcc/arm-none-eabi/4.9.3/../../../../arm-none-eabi/lib/armv7e-m/softfp/crt0.o (exit)
/Applications/Simplicity Studio.app/Contents/Eclipse/developer/toolchains/gnu_arm/4.9_2015q3/bin/../lib/gcc/arm-none-eabi/4.9.3/../../../../arm-none-eabi/lib/armv7e-m/softfp/libc_nano.a(lib_a-impure.o)
                              /Applications/Simplicity Studio.app/Contents/Eclipse/developer/toolchains/gnu_arm/4.9_2015q3/bin/../lib/gcc/arm-none-eabi/4.9.3/../../../../arm-none-eabi/lib/armv7e-m/softfp/libc_nano.a(lib_a-exit.o) (_global_impure_ptr)
/Applications/Simplicity Studio.app/Contents/Eclipse/developer/toolchains/gnu_arm/4.9_2015q3/bin/../lib/gcc/arm-none-eabi/4.9.3/../../../../arm-none-eabi/lib/armv7e-m/softfp/libc_nano.a(lib_a-init.o)
                              /Applications/Simplicity Studio.app/Contents/Eclipse/developer/toolchains/gnu_arm/4.9_2015q3/bin/../lib/gcc/arm-none-eabi/4.9.3/../../../../arm-none-eabi/lib/armv7e-m/softfp/crt0.o (__libc_init_array)
/Applications/Simplicity Studio.app/Contents/Eclipse/developer/toolchains/gnu_arm/4.9_2015q3/bin/../lib/gcc/arm-none-eabi/4.9.3/../../../../arm-none-eabi/lib/armv7e-m/softfp/libc_nano.a(lib_a-malloc.o)
                              ./src/epsilometer_menu.o (malloc)
/Applications/Simplicity Studio.app/Contents/Eclipse/developer/toolchains/gnu_arm/4.9_2015q3/bin/../lib/gcc/arm-none-eabi/4.9.3/../../../../arm-none-eabi/lib/armv7e-m/softfp/libc_nano.a(lib_a-memset.o)
                              /Applications/Simplicity Studio.app/Contents/Eclipse/developer/toolchains/gnu_arm/4.9_2015q3/bin/../lib/gcc/arm-none-eabi/4.9.3/../../../../arm-none-eabi/lib/armv7e-m/softfp/crt0.o (memset)
/Applications/Simplicity Studio.app/Contents/Eclipse/developer/toolchains/gnu_arm/4.9_2015q3/bin/../lib/gcc/arm-none-eabi/4.9.3/../../../../arm-none-eabi/lib/armv7e-m/softfp/libc_nano.a(lib_a-nano-freer.o)
                              /Applications/Simplicity Studio.app/Contents/Eclipse/developer/toolchains/gnu_arm/4.9_2015q3/bin/../lib/gcc/arm-none-eabi/4.9.3/../../../../arm-none-eabi/lib/armv7e-m/softfp/libc_nano.a(lib_a-malloc.o) (_free_r)
/Applications/Simplicity Studio.app/Contents/Eclipse/developer/toolchains/gnu_arm/4.9_2015q3/bin/../lib/gcc/arm-none-eabi/4.9.3/../../../../arm-none-eabi/lib/armv7e-m/softfp/libc_nano.a(lib_a-nano-mallocr.o)
                              /Applications/Simplicity Studio.app/Contents/Eclipse/developer/toolchains/gnu_arm/4.9_2015q3/bin/../lib/gcc/arm-none-eabi/4.9.3/../../../../arm-none-eabi/lib/armv7e-m/softfp/libc_nano.a(lib_a-malloc.o) (_malloc_r)
/Applications/Simplicity Studio.app/Contents/Eclipse/developer/toolchains/gnu_arm/4.9_2015q3/bin/../lib/gcc/arm-none-eabi/4.9.3/../../../../arm-none-eabi/lib/armv7e-m/softfp/libc_nano.a(lib_a-sbrkr.o)
                              /Applications/Simplicity Studio.app/Contents/Eclipse/developer/toolchains/gnu_arm/4.9_2015q3/bin/../lib/gcc/arm-none-eabi/4.9.3/../../../../arm-none-eabi/lib/armv7e-m/softfp/libc_nano.a(lib_a-nano-mallocr.o) (_sbrk_r)
/Applications/Simplicity Studio.app/Contents/Eclipse/developer/toolchains/gnu_arm/4.9_2015q3/bin/../lib/gcc/arm-none-eabi/4.9.3/../../../../arm-none-eabi/lib/armv7e-m/softfp/libc_nano.a(lib_a-reent.o)
                              /Applications/Simplicity Studio.app/Contents/Eclipse/developer/toolchains/gnu_arm/4.9_2015q3/bin/../lib/gcc/arm-none-eabi/4.9.3/../../../../arm-none-eabi/lib/armv7e-m/softfp/libc_nano.a(lib_a-sbrkr.o) (errno)
/Applications/Simplicity Studio.app/Contents/Eclipse/developer/toolchains/gnu_arm/4.9_2015q3/bin/../lib/gcc/arm-none-eabi/4.9.3/../../../../arm-none-eabi/lib/armv7e-m/softfp/libnosys.a(sbrk.o)
                              /Applications/Simplicity Studio.app/Contents/Eclipse/developer/toolchains/gnu_arm/4.9_2015q3/bin/../lib/gcc/arm-none-eabi/4.9.3/../../../../arm-none-eabi/lib/armv7e-m/softfp/libc_nano.a(lib_a-sbrkr.o) (_sbrk)
/Applications/Simplicity Studio.app/Contents/Eclipse/developer/toolchains/gnu_arm/4.9_2015q3/bin/../lib/gcc/arm-none-eabi/4.9.3/../../../../arm-none-eabi/lib/armv7e-m/softfp/libnosys.a(_exit.o)
                              /Applications/Simplicity Studio.app/Contents/Eclipse/developer/toolchains/gnu_arm/4.9_2015q3/bin/../lib/gcc/arm-none-eabi/4.9.3/../../../../arm-none-eabi/lib/armv7e-m/softfp/libc_nano.a(lib_a-exit.o) (_exit)

Allocating common symbols
Common symbol       size              file

pendingSamples      0x4               ./src/epsilometer_GPIO_init.o
errno               0x4               /Applications/Simplicity Studio.app/Contents/Eclipse/developer/toolchains/gnu_arm/4.9_2015q3/bin/../lib/gcc/arm-none-eabi/4.9.3/../../../../arm-none-eabi/lib/armv7e-m/softfp/libc_nano.a(lib_a-reent.o)
SystemCoreClock     0x4               ./CMSIS/EFM32WG/system_efm32wg.o
State               0x1               ./src/epsilometer_GPIO_init.o
dataBuffer          0x4               ./src/epsilometer_GPIO_init.o
channelSample       0x4               ./src/epsilometer_GPIO_init.o
byte_per_sample     0x4               ./src/epsilometer_GPIO_init.o
buffer_size         0x4               ./src/epsilometer_GPIO_init.o

Discarded input sections

 .text          0x0000000000000000        0x0 /Applications/Simplicity Studio.app/Contents/Eclipse/developer/toolchains/gnu_arm/4.9_2015q3/bin/../lib/gcc/arm-none-eabi/4.9.3/armv7e-m/softfp/crti.o
 .data          0x0000000000000000        0x0 /Applications/Simplicity Studio.app/Contents/Eclipse/developer/toolchains/gnu_arm/4.9_2015q3/bin/../lib/gcc/arm-none-eabi/4.9.3/armv7e-m/softfp/crti.o
 .bss           0x0000000000000000        0x0 /Applications/Simplicity Studio.app/Contents/Eclipse/developer/toolchains/gnu_arm/4.9_2015q3/bin/../lib/gcc/arm-none-eabi/4.9.3/armv7e-m/softfp/crti.o
 .data          0x0000000000000000        0x4 /Applications/Simplicity Studio.app/Contents/Eclipse/developer/toolchains/gnu_arm/4.9_2015q3/bin/../lib/gcc/arm-none-eabi/4.9.3/armv7e-m/softfp/crtbegin.o
 .data          0x0000000000000000        0x0 /Applications/Simplicity Studio.app/Contents/Eclipse/developer/toolchains/gnu_arm/4.9_2015q3/bin/../lib/gcc/arm-none-eabi/4.9.3/../../../../arm-none-eabi/lib/armv7e-m/softfp/crt0.o
 .bss           0x0000000000000000        0x0 /Applications/Simplicity Studio.app/Contents/Eclipse/developer/toolchains/gnu_arm/4.9_2015q3/bin/../lib/gcc/arm-none-eabi/4.9.3/../../../../arm-none-eabi/lib/armv7e-m/softfp/crt0.o
 .ARM.extab     0x0000000000000000        0x0 /Applications/Simplicity Studio.app/Contents/Eclipse/developer/toolchains/gnu_arm/4.9_2015q3/bin/../lib/gcc/arm-none-eabi/4.9.3/../../../../arm-none-eabi/lib/armv7e-m/softfp/crt0.o
 .data          0x0000000000000000        0x0 ./CMSIS/EFM32WG/startup_efm32wg.o
 .bss           0x0000000000000000        0x0 ./CMSIS/EFM32WG/startup_efm32wg.o
 .text          0x0000000000000000        0x0 ./CMSIS/EFM32WG/system_efm32wg.o
 .data          0x0000000000000000        0x0 ./CMSIS/EFM32WG/system_efm32wg.o
 .bss           0x0000000000000000        0x0 ./CMSIS/EFM32WG/system_efm32wg.o
 .text.SystemHFXOClockSet
                0x0000000000000000       0x2c ./CMSIS/EFM32WG/system_efm32wg.o
 .text.SystemLFXOClockSet
                0x0000000000000000       0x2c ./CMSIS/EFM32WG/system_efm32wg.o
 .text          0x0000000000000000        0x0 ./emlib/em_adc.o
 .data          0x0000000000000000        0x0 ./emlib/em_adc.o
 .bss           0x0000000000000000        0x0 ./emlib/em_adc.o
 .text.ADC_LoadDevinfoCal
                0x0000000000000000      0x120 ./emlib/em_adc.o
 .text.ADC_Init
                0x0000000000000000       0x88 ./emlib/em_adc.o
 .text.ADC_InitScan
                0x0000000000000000       0xa4 ./emlib/em_adc.o
 .text.ADC_InitSingle
                0x0000000000000000       0x9c ./emlib/em_adc.o
 .text.ADC_PrescaleCalc
                0x0000000000000000       0x64 ./emlib/em_adc.o
 .text.ADC_Reset
                0x0000000000000000       0x54 ./emlib/em_adc.o
 .text.ADC_TimebaseCalc
                0x0000000000000000       0x60 ./emlib/em_adc.o
 .debug_info    0x0000000000000000      0xa64 ./emlib/em_adc.o
 .debug_abbrev  0x0000000000000000      0x1ae ./emlib/em_adc.o
 .debug_loc     0x0000000000000000      0x23c ./emlib/em_adc.o
 .debug_aranges
                0x0000000000000000       0x50 ./emlib/em_adc.o
 .debug_ranges  0x0000000000000000       0x40 ./emlib/em_adc.o
 .debug_line    0x0000000000000000      0x455 ./emlib/em_adc.o
 .debug_str     0x0000000000000000      0xbca ./emlib/em_adc.o
 .comment       0x0000000000000000       0x71 ./emlib/em_adc.o
 .debug_frame   0x0000000000000000      0x110 ./emlib/em_adc.o
 .ARM.attributes
                0x0000000000000000       0x37 ./emlib/em_adc.o
 .text          0x0000000000000000        0x0 ./emlib/em_cmu.o
 .data          0x0000000000000000        0x0 ./emlib/em_cmu.o
 .bss           0x0000000000000000        0x0 ./emlib/em_cmu.o
 .text.BUS_RegMaskedWrite
                0x0000000000000000       0x28 ./emlib/em_cmu.o
 .text.CMU_Log2ToDiv
                0x0000000000000000       0x1c ./emlib/em_cmu.o
 .text.CMU_AUXHFRCOBandGet
                0x0000000000000000       0x20 ./emlib/em_cmu.o
 .text.CMU_AUXHFRCOBandSet
                0x0000000000000000       0xb0 ./emlib/em_cmu.o
 .text.CMU_Calibrate
                0x0000000000000000       0x88 ./emlib/em_cmu.o
 .text.CMU_CalibrateConfig
                0x0000000000000000       0xd8 ./emlib/em_cmu.o
 .text.CMU_CalibrateCountGet
                0x0000000000000000       0x38 ./emlib/em_cmu.o
 .text.CMU_ClockDivGet
                0x0000000000000000      0x174 ./emlib/em_cmu.o
 .text.CMU_ClockDivSet
                0x0000000000000000      0x22c ./emlib/em_cmu.o
 .text.CMU_FreezeEnable
                0x0000000000000000       0x38 ./emlib/em_cmu.o
 .text.CMU_HFRCOBandGet
                0x0000000000000000       0x20 ./emlib/em_cmu.o
 .text.CMU_HFRCOBandSet
                0x0000000000000000       0xe4 ./emlib/em_cmu.o
 .text.CMU_HFRCOStartupDelayGet
                0x0000000000000000       0x1c ./emlib/em_cmu.o
 .text.CMU_HFRCOStartupDelaySet
                0x0000000000000000       0x30 ./emlib/em_cmu.o
 .text.CMU_HFXOInit
                0x0000000000000000       0x54 ./emlib/em_cmu.o
 .text.CMU_LCDClkFDIVGet
                0x0000000000000000       0x1c ./emlib/em_cmu.o
 .text.CMU_LCDClkFDIVSet
                0x0000000000000000       0x3c ./emlib/em_cmu.o
 .text.CMU_LFXOInit
                0x0000000000000000       0x58 ./emlib/em_cmu.o
 .text.CMU_OscillatorTuningGet
                0x0000000000000000       0x50 ./emlib/em_cmu.o
 .text.CMU_OscillatorTuningSet
                0x0000000000000000       0x74 ./emlib/em_cmu.o
 .text.CMU_PCNTClockExternalGet
                0x0000000000000000       0x60 ./emlib/em_cmu.o
 .text.CMU_PCNTClockExternalSet
                0x0000000000000000       0x34 ./emlib/em_cmu.o
 .text          0x0000000000000000        0x0 ./emlib/em_emu.o
 .data          0x0000000000000000        0x0 ./emlib/em_emu.o
 .bss           0x0000000000000000        0x0 ./emlib/em_emu.o
 .text.SystemCoreClockUpdate
                0x0000000000000000        0xc ./emlib/em_emu.o
 .text.BUS_RegBitWrite
                0x0000000000000000       0x2c ./emlib/em_emu.o
 .text.EMU_BUPinEnable
                0x0000000000000000       0x20 ./emlib/em_emu.o
 .text.EMU_Unlock
                0x0000000000000000       0x18 ./emlib/em_emu.o
 .text.CMU_Lock
                0x0000000000000000       0x18 ./emlib/em_emu.o
 .text.CMU_Unlock
                0x0000000000000000       0x1c ./emlib/em_emu.o
 .text.emuRestore
                0x0000000000000000       0xf0 ./emlib/em_emu.o
 .text.getErrataFixEmuE107En
                0x0000000000000000       0x58 ./emlib/em_emu.o
 .text.EMU_EnterEM2
                0x0000000000000000       0x9c ./emlib/em_emu.o
 .text.EMU_EnterEM3
                0x0000000000000000       0xbc ./emlib/em_emu.o
 .text.EMU_EnterEM4
                0x0000000000000000       0x50 ./emlib/em_emu.o
 .text.EMU_MemPwrDown
                0x0000000000000000       0x14 ./emlib/em_emu.o
 .text.EMU_EM23Init
                0x0000000000000000       0x34 ./emlib/em_emu.o
 .text.EMU_EM4Init
                0x0000000000000000       0x50 ./emlib/em_emu.o
 .text.EMU_BUPDInit
                0x0000000000000000       0xd4 ./emlib/em_emu.o
 .text.EMU_BUThresholdSet
                0x0000000000000000       0x4c ./emlib/em_emu.o
 .text.EMU_BUThresRangeSet
                0x0000000000000000       0x50 ./emlib/em_emu.o
 .text          0x0000000000000000        0x0 ./emlib/em_gpio.o
 .data          0x0000000000000000        0x0 ./emlib/em_gpio.o
 .bss           0x0000000000000000        0x0 ./emlib/em_gpio.o
 .text.GPIO_EM4SetPinRetention
                0x0000000000000000       0x40 ./emlib/em_gpio.o
 .text.GPIO_DbgLocationSet
                0x0000000000000000       0x2c ./emlib/em_gpio.o
 .text.GPIO_DriveModeSet
                0x0000000000000000       0x70 ./emlib/em_gpio.o
 .text.GPIO_PinModeGet
                0x0000000000000000       0x8c ./emlib/em_gpio.o
 .text.GPIO_EM4EnablePinWakeup
                0x0000000000000000       0x58 ./emlib/em_gpio.o
 .text          0x0000000000000000        0x0 ./emlib/em_int.o
 .data          0x0000000000000000        0x0 ./emlib/em_int.o
 .bss           0x0000000000000000        0x0 ./emlib/em_int.o
 .bss.INT_LockCnt
                0x0000000000000000        0x4 ./emlib/em_int.o
 .debug_info    0x0000000000000000       0xb8 ./emlib/em_int.o
 .debug_abbrev  0x0000000000000000       0x5a ./emlib/em_int.o
 .debug_aranges
                0x0000000000000000       0x18 ./emlib/em_int.o
 .debug_line    0x0000000000000000      0x21b ./emlib/em_int.o
 .debug_str     0x0000000000000000      0x231 ./emlib/em_int.o
 .comment       0x0000000000000000       0x71 ./emlib/em_int.o
 .ARM.attributes
                0x0000000000000000       0x37 ./emlib/em_int.o
 .text          0x0000000000000000        0x0 ./emlib/em_rtc.o
 .data          0x0000000000000000        0x0 ./emlib/em_rtc.o
 .bss           0x0000000000000000        0x0 ./emlib/em_rtc.o
 .text.BUS_RegBitWrite
                0x0000000000000000       0x2c ./emlib/em_rtc.o
 .text.RTC_CompareGet
                0x0000000000000000       0x3c ./emlib/em_rtc.o
 .text.RTC_CompareSet
                0x0000000000000000       0x4c ./emlib/em_rtc.o
 .text.RTC_Enable
                0x0000000000000000       0x20 ./emlib/em_rtc.o
 .text.RTC_FreezeEnable
                0x0000000000000000       0x2c ./emlib/em_rtc.o
 .text.RTC_Init
                0x0000000000000000       0x50 ./emlib/em_rtc.o
 .text.RTC_Reset
                0x0000000000000000       0x34 ./emlib/em_rtc.o
 .text.RTC_CounterReset
                0x0000000000000000       0x14 ./emlib/em_rtc.o
 .debug_info    0x0000000000000000      0x33f ./emlib/em_rtc.o
 .debug_abbrev  0x0000000000000000      0x196 ./emlib/em_rtc.o
 .debug_loc     0x0000000000000000      0x28c ./emlib/em_rtc.o
 .debug_aranges
                0x0000000000000000       0x58 ./emlib/em_rtc.o
 .debug_ranges  0x0000000000000000       0x48 ./emlib/em_rtc.o
 .debug_line    0x0000000000000000      0x3f8 ./emlib/em_rtc.o
 .debug_str     0x0000000000000000      0x317 ./emlib/em_rtc.o
 .comment       0x0000000000000000       0x71 ./emlib/em_rtc.o
 .debug_frame   0x0000000000000000      0x138 ./emlib/em_rtc.o
 .ARM.attributes
                0x0000000000000000       0x37 ./emlib/em_rtc.o
 .text          0x0000000000000000        0x0 ./emlib/em_system.o
 .data          0x0000000000000000        0x0 ./emlib/em_system.o
 .bss           0x0000000000000000        0x0 ./emlib/em_system.o
 .debug_line    0x0000000000000000        0x0 ./emlib/em_system.o
 .debug_str     0x0000000000000000      0x168 ./emlib/em_system.o
 .comment       0x0000000000000000       0x71 ./emlib/em_system.o
 .ARM.attributes
                0x0000000000000000       0x37 ./emlib/em_system.o
 .text          0x0000000000000000        0x0 ./emlib/em_timer.o
 .data          0x0000000000000000        0x0 ./emlib/em_timer.o
 .bss           0x0000000000000000        0x0 ./emlib/em_timer.o
 .text.TIMER_EnableDTI
                0x0000000000000000       0x38 ./emlib/em_timer.o
 .text.TIMER_GetDTIFault
                0x0000000000000000       0x1c ./emlib/em_timer.o
 .text.TIMER_ClearDTIFault
                0x0000000000000000       0x1c ./emlib/em_timer.o
 .text.TIMER_Init
                0x0000000000000000      0x10c ./emlib/em_timer.o
 .text.TIMER_InitCC
                0x0000000000000000       0xcc ./emlib/em_timer.o
 .text.TIMER_InitDTI
                0x0000000000000000      0x104 ./emlib/em_timer.o
 .text.TIMER_Reset
                0x0000000000000000       0xd8 ./emlib/em_timer.o
 .debug_info    0x0000000000000000      0x8df ./emlib/em_timer.o
 .debug_abbrev  0x0000000000000000      0x199 ./emlib/em_timer.o
 .debug_loc     0x0000000000000000      0x278 ./emlib/em_timer.o
 .debug_aranges
                0x0000000000000000       0x50 ./emlib/em_timer.o
 .debug_ranges  0x0000000000000000       0x40 ./emlib/em_timer.o
 .debug_line    0x0000000000000000      0x62a ./emlib/em_timer.o
 .debug_str     0x0000000000000000      0x9b9 ./emlib/em_timer.o
 .comment       0x0000000000000000       0x71 ./emlib/em_timer.o
 .debug_frame   0x0000000000000000      0x124 ./emlib/em_timer.o
 .ARM.attributes
                0x0000000000000000       0x37 ./emlib/em_timer.o
 .text          0x0000000000000000        0x0 ./emlib/em_usart.o
 .data          0x0000000000000000        0x0 ./emlib/em_usart.o
 .bss           0x0000000000000000        0x0 ./emlib/em_usart.o
 .text.USART_BaudrateAsyncSet
                0x0000000000000000       0xb0 ./emlib/em_usart.o
 .text.USART_BaudrateCalc
                0x0000000000000000      0x124 ./emlib/em_usart.o
 .text.USART_BaudrateGet
                0x0000000000000000       0x50 ./emlib/em_usart.o
 .text.USART_Enable
                0x0000000000000000       0x58 ./emlib/em_usart.o
 .text.USART_InitAsync
                0x0000000000000000       0x9c ./emlib/em_usart.o
 .text.USARTn_InitIrDA
                0x0000000000000000       0x70 ./emlib/em_usart.o
 .text.USART_InitI2s
                0x0000000000000000       0x94 ./emlib/em_usart.o
 .text.USART_InitPrsTrigger
                0x0000000000000000       0x60 ./emlib/em_usart.o
 .text.USART_Rx
                0x0000000000000000       0x28 ./emlib/em_usart.o
 .text.USART_RxDouble
                0x0000000000000000       0x28 ./emlib/em_usart.o
 .text.USART_RxDoubleExt
                0x0000000000000000       0x28 ./emlib/em_usart.o
 .text.USART_RxExt
                0x0000000000000000       0x28 ./emlib/em_usart.o
 .text.USART_Tx
                0x0000000000000000       0x2c ./emlib/em_usart.o
 .text.USART_TxDouble
                0x0000000000000000       0x2c ./emlib/em_usart.o
 .text.USART_TxDoubleExt
                0x0000000000000000       0x28 ./emlib/em_usart.o
 .text.USART_TxExt
                0x0000000000000000       0x2c ./emlib/em_usart.o
 .text          0x0000000000000000        0x0 ./src/epsilometer_CMU_init.o
 .data          0x0000000000000000        0x0 ./src/epsilometer_CMU_init.o
 .bss           0x0000000000000000        0x0 ./src/epsilometer_CMU_init.o
 .text          0x0000000000000000        0x0 ./src/epsilometer_GPIO_init.o
 .data          0x0000000000000000        0x0 ./src/epsilometer_GPIO_init.o
 .bss           0x0000000000000000        0x0 ./src/epsilometer_GPIO_init.o
 .text          0x0000000000000000        0x0 ./src/epsilometer_TIMER_init.o
 .data          0x0000000000000000        0x0 ./src/epsilometer_TIMER_init.o
 .bss           0x0000000000000000        0x0 ./src/epsilometer_TIMER_init.o
 .text          0x0000000000000000        0x0 ./src/epsilometer_analog.o
 .data          0x0000000000000000        0x0 ./src/epsilometer_analog.o
 .bss           0x0000000000000000        0x0 ./src/epsilometer_analog.o
 .rodata.bitFieldLookup
                0x0000000000000000       0x20 ./src/epsilometer_analog.o
 .text.Create_Mask
                0x0000000000000000       0x28 ./src/epsilometer_analog.o
 .text.Data_Bit_Shift
                0x0000000000000000       0x20 ./src/epsilometer_analog.o
 .text.Merge_Bits
                0x0000000000000000       0x28 ./src/epsilometer_analog.o
 .text.SPI_deInit
                0x0000000000000000        0xc ./src/epsilometer_analog.o
 .text          0x0000000000000000        0x0 ./src/epsilometer_main.o
 .data          0x0000000000000000        0x0 ./src/epsilometer_main.o
 .bss           0x0000000000000000        0x0 ./src/epsilometer_main.o
 .text          0x0000000000000000        0x0 ./src/epsilometer_menu.o
 .data          0x0000000000000000        0x0 ./src/epsilometer_menu.o
 .bss           0x0000000000000000        0x0 ./src/epsilometer_menu.o
 .data          0x0000000000000000        0x0 /Applications/Simplicity Studio.app/Contents/Eclipse/developer/toolchains/gnu_arm/4.9_2015q3/bin/../lib/gcc/arm-none-eabi/4.9.3/armv7e-m/softfp/libgcc.a(_arm_addsubdf3.o)
 .bss           0x0000000000000000        0x0 /Applications/Simplicity Studio.app/Contents/Eclipse/developer/toolchains/gnu_arm/4.9_2015q3/bin/../lib/gcc/arm-none-eabi/4.9.3/armv7e-m/softfp/libgcc.a(_arm_addsubdf3.o)
 .data          0x0000000000000000        0x0 /Applications/Simplicity Studio.app/Contents/Eclipse/developer/toolchains/gnu_arm/4.9_2015q3/bin/../lib/gcc/arm-none-eabi/4.9.3/armv7e-m/softfp/libgcc.a(_arm_muldivdf3.o)
 .bss           0x0000000000000000        0x0 /Applications/Simplicity Studio.app/Contents/Eclipse/developer/toolchains/gnu_arm/4.9_2015q3/bin/../lib/gcc/arm-none-eabi/4.9.3/armv7e-m/softfp/libgcc.a(_arm_muldivdf3.o)
 .data          0x0000000000000000        0x0 /Applications/Simplicity Studio.app/Contents/Eclipse/developer/toolchains/gnu_arm/4.9_2015q3/bin/../lib/gcc/arm-none-eabi/4.9.3/armv7e-m/softfp/libgcc.a(_arm_fixunsdfsi.o)
 .bss           0x0000000000000000        0x0 /Applications/Simplicity Studio.app/Contents/Eclipse/developer/toolchains/gnu_arm/4.9_2015q3/bin/../lib/gcc/arm-none-eabi/4.9.3/armv7e-m/softfp/libgcc.a(_arm_fixunsdfsi.o)
 .text          0x0000000000000000       0x30 /Applications/Simplicity Studio.app/Contents/Eclipse/developer/toolchains/gnu_arm/4.9_2015q3/bin/../lib/gcc/arm-none-eabi/4.9.3/armv7e-m/softfp/libgcc.a(_aeabi_uldivmod.o)
 .data          0x0000000000000000        0x0 /Applications/Simplicity Studio.app/Contents/Eclipse/developer/toolchains/gnu_arm/4.9_2015q3/bin/../lib/gcc/arm-none-eabi/4.9.3/armv7e-m/softfp/libgcc.a(_aeabi_uldivmod.o)
 .bss           0x0000000000000000        0x0 /Applications/Simplicity Studio.app/Contents/Eclipse/developer/toolchains/gnu_arm/4.9_2015q3/bin/../lib/gcc/arm-none-eabi/4.9.3/armv7e-m/softfp/libgcc.a(_aeabi_uldivmod.o)
 .debug_frame   0x0000000000000000       0x28 /Applications/Simplicity Studio.app/Contents/Eclipse/developer/toolchains/gnu_arm/4.9_2015q3/bin/../lib/gcc/arm-none-eabi/4.9.3/armv7e-m/softfp/libgcc.a(_aeabi_uldivmod.o)
 .ARM.attributes
                0x0000000000000000       0x22 /Applications/Simplicity Studio.app/Contents/Eclipse/developer/toolchains/gnu_arm/4.9_2015q3/bin/../lib/gcc/arm-none-eabi/4.9.3/armv7e-m/softfp/libgcc.a(_aeabi_uldivmod.o)
 .text          0x0000000000000000       0x60 /Applications/Simplicity Studio.app/Contents/Eclipse/developer/toolchains/gnu_arm/4.9_2015q3/bin/../lib/gcc/arm-none-eabi/4.9.3/armv7e-m/softfp/libgcc.a(bpabi.o)
 .data          0x0000000000000000        0x0 /Applications/Simplicity Studio.app/Contents/Eclipse/developer/toolchains/gnu_arm/4.9_2015q3/bin/../lib/gcc/arm-none-eabi/4.9.3/armv7e-m/softfp/libgcc.a(bpabi.o)
 .bss           0x0000000000000000        0x0 /Applications/Simplicity Studio.app/Contents/Eclipse/developer/toolchains/gnu_arm/4.9_2015q3/bin/../lib/gcc/arm-none-eabi/4.9.3/armv7e-m/softfp/libgcc.a(bpabi.o)
 .debug_frame   0x0000000000000000       0x50 /Applications/Simplicity Studio.app/Contents/Eclipse/developer/toolchains/gnu_arm/4.9_2015q3/bin/../lib/gcc/arm-none-eabi/4.9.3/armv7e-m/softfp/libgcc.a(bpabi.o)
 .ARM.attributes
                0x0000000000000000       0x32 /Applications/Simplicity Studio.app/Contents/Eclipse/developer/toolchains/gnu_arm/4.9_2015q3/bin/../lib/gcc/arm-none-eabi/4.9.3/armv7e-m/softfp/libgcc.a(bpabi.o)
 .text          0x0000000000000000        0x4 /Applications/Simplicity Studio.app/Contents/Eclipse/developer/toolchains/gnu_arm/4.9_2015q3/bin/../lib/gcc/arm-none-eabi/4.9.3/armv7e-m/softfp/libgcc.a(_dvmd_tls.o)
 .data          0x0000000000000000        0x0 /Applications/Simplicity Studio.app/Contents/Eclipse/developer/toolchains/gnu_arm/4.9_2015q3/bin/../lib/gcc/arm-none-eabi/4.9.3/armv7e-m/softfp/libgcc.a(_dvmd_tls.o)
 .bss           0x0000000000000000        0x0 /Applications/Simplicity Studio.app/Contents/Eclipse/developer/toolchains/gnu_arm/4.9_2015q3/bin/../lib/gcc/arm-none-eabi/4.9.3/armv7e-m/softfp/libgcc.a(_dvmd_tls.o)
 .ARM.attributes
                0x0000000000000000       0x22 /Applications/Simplicity Studio.app/Contents/Eclipse/developer/toolchains/gnu_arm/4.9_2015q3/bin/../lib/gcc/arm-none-eabi/4.9.3/armv7e-m/softfp/libgcc.a(_dvmd_tls.o)
 .text          0x0000000000000000      0x29c /Applications/Simplicity Studio.app/Contents/Eclipse/developer/toolchains/gnu_arm/4.9_2015q3/bin/../lib/gcc/arm-none-eabi/4.9.3/armv7e-m/softfp/libgcc.a(_divdi3.o)
 .data          0x0000000000000000        0x0 /Applications/Simplicity Studio.app/Contents/Eclipse/developer/toolchains/gnu_arm/4.9_2015q3/bin/../lib/gcc/arm-none-eabi/4.9.3/armv7e-m/softfp/libgcc.a(_divdi3.o)
 .bss           0x0000000000000000        0x0 /Applications/Simplicity Studio.app/Contents/Eclipse/developer/toolchains/gnu_arm/4.9_2015q3/bin/../lib/gcc/arm-none-eabi/4.9.3/armv7e-m/softfp/libgcc.a(_divdi3.o)
 .ARM.extab     0x0000000000000000        0x0 /Applications/Simplicity Studio.app/Contents/Eclipse/developer/toolchains/gnu_arm/4.9_2015q3/bin/../lib/gcc/arm-none-eabi/4.9.3/armv7e-m/softfp/libgcc.a(_divdi3.o)
 .ARM.exidx     0x0000000000000000        0x8 /Applications/Simplicity Studio.app/Contents/Eclipse/developer/toolchains/gnu_arm/4.9_2015q3/bin/../lib/gcc/arm-none-eabi/4.9.3/armv7e-m/softfp/libgcc.a(_divdi3.o)
 .debug_frame   0x0000000000000000       0x34 /Applications/Simplicity Studio.app/Contents/Eclipse/developer/toolchains/gnu_arm/4.9_2015q3/bin/../lib/gcc/arm-none-eabi/4.9.3/armv7e-m/softfp/libgcc.a(_divdi3.o)
 .ARM.attributes
                0x0000000000000000       0x32 /Applications/Simplicity Studio.app/Contents/Eclipse/developer/toolchains/gnu_arm/4.9_2015q3/bin/../lib/gcc/arm-none-eabi/4.9.3/armv7e-m/softfp/libgcc.a(_divdi3.o)
 .text          0x0000000000000000      0x26c /Applications/Simplicity Studio.app/Contents/Eclipse/developer/toolchains/gnu_arm/4.9_2015q3/bin/../lib/gcc/arm-none-eabi/4.9.3/armv7e-m/softfp/libgcc.a(_udivdi3.o)
 .data          0x0000000000000000        0x0 /Applications/Simplicity Studio.app/Contents/Eclipse/developer/toolchains/gnu_arm/4.9_2015q3/bin/../lib/gcc/arm-none-eabi/4.9.3/armv7e-m/softfp/libgcc.a(_udivdi3.o)
 .bss           0x0000000000000000        0x0 /Applications/Simplicity Studio.app/Contents/Eclipse/developer/toolchains/gnu_arm/4.9_2015q3/bin/../lib/gcc/arm-none-eabi/4.9.3/armv7e-m/softfp/libgcc.a(_udivdi3.o)
 .ARM.extab     0x0000000000000000        0x0 /Applications/Simplicity Studio.app/Contents/Eclipse/developer/toolchains/gnu_arm/4.9_2015q3/bin/../lib/gcc/arm-none-eabi/4.9.3/armv7e-m/softfp/libgcc.a(_udivdi3.o)
 .ARM.exidx     0x0000000000000000        0x8 /Applications/Simplicity Studio.app/Contents/Eclipse/developer/toolchains/gnu_arm/4.9_2015q3/bin/../lib/gcc/arm-none-eabi/4.9.3/armv7e-m/softfp/libgcc.a(_udivdi3.o)
 .debug_frame   0x0000000000000000       0x30 /Applications/Simplicity Studio.app/Contents/Eclipse/developer/toolchains/gnu_arm/4.9_2015q3/bin/../lib/gcc/arm-none-eabi/4.9.3/armv7e-m/softfp/libgcc.a(_udivdi3.o)
 .ARM.attributes
                0x0000000000000000       0x32 /Applications/Simplicity Studio.app/Contents/Eclipse/developer/toolchains/gnu_arm/4.9_2015q3/bin/../lib/gcc/arm-none-eabi/4.9.3/armv7e-m/softfp/libgcc.a(_udivdi3.o)
 .text          0x0000000000000000        0x0 /Applications/Simplicity Studio.app/Contents/Eclipse/developer/toolchains/gnu_arm/4.9_2015q3/bin/../lib/gcc/arm-none-eabi/4.9.3/../../../../arm-none-eabi/lib/armv7e-m/softfp/libc_nano.a(lib_a-exit.o)
 .data          0x0000000000000000        0x0 /Applications/Simplicity Studio.app/Contents/Eclipse/developer/toolchains/gnu_arm/4.9_2015q3/bin/../lib/gcc/arm-none-eabi/4.9.3/../../../../arm-none-eabi/lib/armv7e-m/softfp/libc_nano.a(lib_a-exit.o)
 .bss           0x0000000000000000        0x0 /Applications/Simplicity Studio.app/Contents/Eclipse/developer/toolchains/gnu_arm/4.9_2015q3/bin/../lib/gcc/arm-none-eabi/4.9.3/../../../../arm-none-eabi/lib/armv7e-m/softfp/libc_nano.a(lib_a-exit.o)
 .text          0x0000000000000000        0x0 /Applications/Simplicity Studio.app/Contents/Eclipse/developer/toolchains/gnu_arm/4.9_2015q3/bin/../lib/gcc/arm-none-eabi/4.9.3/../../../../arm-none-eabi/lib/armv7e-m/softfp/libc_nano.a(lib_a-impure.o)
 .data          0x0000000000000000        0x0 /Applications/Simplicity Studio.app/Contents/Eclipse/developer/toolchains/gnu_arm/4.9_2015q3/bin/../lib/gcc/arm-none-eabi/4.9.3/../../../../arm-none-eabi/lib/armv7e-m/softfp/libc_nano.a(lib_a-impure.o)
 .bss           0x0000000000000000        0x0 /Applications/Simplicity Studio.app/Contents/Eclipse/developer/toolchains/gnu_arm/4.9_2015q3/bin/../lib/gcc/arm-none-eabi/4.9.3/../../../../arm-none-eabi/lib/armv7e-m/softfp/libc_nano.a(lib_a-impure.o)
 .text          0x0000000000000000        0x0 /Applications/Simplicity Studio.app/Contents/Eclipse/developer/toolchains/gnu_arm/4.9_2015q3/bin/../lib/gcc/arm-none-eabi/4.9.3/../../../../arm-none-eabi/lib/armv7e-m/softfp/libc_nano.a(lib_a-init.o)
 .data          0x0000000000000000        0x0 /Applications/Simplicity Studio.app/Contents/Eclipse/developer/toolchains/gnu_arm/4.9_2015q3/bin/../lib/gcc/arm-none-eabi/4.9.3/../../../../arm-none-eabi/lib/armv7e-m/softfp/libc_nano.a(lib_a-init.o)
 .bss           0x0000000000000000        0x0 /Applications/Simplicity Studio.app/Contents/Eclipse/developer/toolchains/gnu_arm/4.9_2015q3/bin/../lib/gcc/arm-none-eabi/4.9.3/../../../../arm-none-eabi/lib/armv7e-m/softfp/libc_nano.a(lib_a-init.o)
 .text          0x0000000000000000        0x0 /Applications/Simplicity Studio.app/Contents/Eclipse/developer/toolchains/gnu_arm/4.9_2015q3/bin/../lib/gcc/arm-none-eabi/4.9.3/../../../../arm-none-eabi/lib/armv7e-m/softfp/libc_nano.a(lib_a-malloc.o)
 .data          0x0000000000000000        0x0 /Applications/Simplicity Studio.app/Contents/Eclipse/developer/toolchains/gnu_arm/4.9_2015q3/bin/../lib/gcc/arm-none-eabi/4.9.3/../../../../arm-none-eabi/lib/armv7e-m/softfp/libc_nano.a(lib_a-malloc.o)
 .bss           0x0000000000000000        0x0 /Applications/Simplicity Studio.app/Contents/Eclipse/developer/toolchains/gnu_arm/4.9_2015q3/bin/../lib/gcc/arm-none-eabi/4.9.3/../../../../arm-none-eabi/lib/armv7e-m/softfp/libc_nano.a(lib_a-malloc.o)
 .text.free     0x0000000000000000       0x10 /Applications/Simplicity Studio.app/Contents/Eclipse/developer/toolchains/gnu_arm/4.9_2015q3/bin/../lib/gcc/arm-none-eabi/4.9.3/../../../../arm-none-eabi/lib/armv7e-m/softfp/libc_nano.a(lib_a-malloc.o)
 .text          0x0000000000000000        0x0 /Applications/Simplicity Studio.app/Contents/Eclipse/developer/toolchains/gnu_arm/4.9_2015q3/bin/../lib/gcc/arm-none-eabi/4.9.3/../../../../arm-none-eabi/lib/armv7e-m/softfp/libc_nano.a(lib_a-memset.o)
 .data          0x0000000000000000        0x0 /Applications/Simplicity Studio.app/Contents/Eclipse/developer/toolchains/gnu_arm/4.9_2015q3/bin/../lib/gcc/arm-none-eabi/4.9.3/../../../../arm-none-eabi/lib/armv7e-m/softfp/libc_nano.a(lib_a-memset.o)
 .bss           0x0000000000000000        0x0 /Applications/Simplicity Studio.app/Contents/Eclipse/developer/toolchains/gnu_arm/4.9_2015q3/bin/../lib/gcc/arm-none-eabi/4.9.3/../../../../arm-none-eabi/lib/armv7e-m/softfp/libc_nano.a(lib_a-memset.o)
 .text          0x0000000000000000        0x0 /Applications/Simplicity Studio.app/Contents/Eclipse/developer/toolchains/gnu_arm/4.9_2015q3/bin/../lib/gcc/arm-none-eabi/4.9.3/../../../../arm-none-eabi/lib/armv7e-m/softfp/libc_nano.a(lib_a-nano-freer.o)
 .data          0x0000000000000000        0x0 /Applications/Simplicity Studio.app/Contents/Eclipse/developer/toolchains/gnu_arm/4.9_2015q3/bin/../lib/gcc/arm-none-eabi/4.9.3/../../../../arm-none-eabi/lib/armv7e-m/softfp/libc_nano.a(lib_a-nano-freer.o)
 .bss           0x0000000000000000        0x0 /Applications/Simplicity Studio.app/Contents/Eclipse/developer/toolchains/gnu_arm/4.9_2015q3/bin/../lib/gcc/arm-none-eabi/4.9.3/../../../../arm-none-eabi/lib/armv7e-m/softfp/libc_nano.a(lib_a-nano-freer.o)
 .text._free_r  0x0000000000000000       0x88 /Applications/Simplicity Studio.app/Contents/Eclipse/developer/toolchains/gnu_arm/4.9_2015q3/bin/../lib/gcc/arm-none-eabi/4.9.3/../../../../arm-none-eabi/lib/armv7e-m/softfp/libc_nano.a(lib_a-nano-freer.o)
 .debug_frame   0x0000000000000000       0x2c /Applications/Simplicity Studio.app/Contents/Eclipse/developer/toolchains/gnu_arm/4.9_2015q3/bin/../lib/gcc/arm-none-eabi/4.9.3/../../../../arm-none-eabi/lib/armv7e-m/softfp/libc_nano.a(lib_a-nano-freer.o)
 .ARM.attributes
                0x0000000000000000       0x32 /Applications/Simplicity Studio.app/Contents/Eclipse/developer/toolchains/gnu_arm/4.9_2015q3/bin/../lib/gcc/arm-none-eabi/4.9.3/../../../../arm-none-eabi/lib/armv7e-m/softfp/libc_nano.a(lib_a-nano-freer.o)
 .text          0x0000000000000000        0x0 /Applications/Simplicity Studio.app/Contents/Eclipse/developer/toolchains/gnu_arm/4.9_2015q3/bin/../lib/gcc/arm-none-eabi/4.9.3/../../../../arm-none-eabi/lib/armv7e-m/softfp/libc_nano.a(lib_a-nano-mallocr.o)
 .data          0x0000000000000000        0x0 /Applications/Simplicity Studio.app/Contents/Eclipse/developer/toolchains/gnu_arm/4.9_2015q3/bin/../lib/gcc/arm-none-eabi/4.9.3/../../../../arm-none-eabi/lib/armv7e-m/softfp/libc_nano.a(lib_a-nano-mallocr.o)
 .bss           0x0000000000000000        0x0 /Applications/Simplicity Studio.app/Contents/Eclipse/developer/toolchains/gnu_arm/4.9_2015q3/bin/../lib/gcc/arm-none-eabi/4.9.3/../../../../arm-none-eabi/lib/armv7e-m/softfp/libc_nano.a(lib_a-nano-mallocr.o)
 .text          0x0000000000000000        0x0 /Applications/Simplicity Studio.app/Contents/Eclipse/developer/toolchains/gnu_arm/4.9_2015q3/bin/../lib/gcc/arm-none-eabi/4.9.3/../../../../arm-none-eabi/lib/armv7e-m/softfp/libc_nano.a(lib_a-sbrkr.o)
 .data          0x0000000000000000        0x0 /Applications/Simplicity Studio.app/Contents/Eclipse/developer/toolchains/gnu_arm/4.9_2015q3/bin/../lib/gcc/arm-none-eabi/4.9.3/../../../../arm-none-eabi/lib/armv7e-m/softfp/libc_nano.a(lib_a-sbrkr.o)
 .bss           0x0000000000000000        0x0 /Applications/Simplicity Studio.app/Contents/Eclipse/developer/toolchains/gnu_arm/4.9_2015q3/bin/../lib/gcc/arm-none-eabi/4.9.3/../../../../arm-none-eabi/lib/armv7e-m/softfp/libc_nano.a(lib_a-sbrkr.o)
 .text          0x0000000000000000        0x0 /Applications/Simplicity Studio.app/Contents/Eclipse/developer/toolchains/gnu_arm/4.9_2015q3/bin/../lib/gcc/arm-none-eabi/4.9.3/../../../../arm-none-eabi/lib/armv7e-m/softfp/libc_nano.a(lib_a-reent.o)
 .data          0x0000000000000000        0x0 /Applications/Simplicity Studio.app/Contents/Eclipse/developer/toolchains/gnu_arm/4.9_2015q3/bin/../lib/gcc/arm-none-eabi/4.9.3/../../../../arm-none-eabi/lib/armv7e-m/softfp/libc_nano.a(lib_a-reent.o)
 .bss           0x0000000000000000        0x0 /Applications/Simplicity Studio.app/Contents/Eclipse/developer/toolchains/gnu_arm/4.9_2015q3/bin/../lib/gcc/arm-none-eabi/4.9.3/../../../../arm-none-eabi/lib/armv7e-m/softfp/libc_nano.a(lib_a-reent.o)
 .text.cleanup_glue
                0x0000000000000000       0x1a /Applications/Simplicity Studio.app/Contents/Eclipse/developer/toolchains/gnu_arm/4.9_2015q3/bin/../lib/gcc/arm-none-eabi/4.9.3/../../../../arm-none-eabi/lib/armv7e-m/softfp/libc_nano.a(lib_a-reent.o)
 .text._reclaim_reent
                0x0000000000000000       0xb4 /Applications/Simplicity Studio.app/Contents/Eclipse/developer/toolchains/gnu_arm/4.9_2015q3/bin/../lib/gcc/arm-none-eabi/4.9.3/../../../../arm-none-eabi/lib/armv7e-m/softfp/libc_nano.a(lib_a-reent.o)
 .text          0x0000000000000000        0x0 /Applications/Simplicity Studio.app/Contents/Eclipse/developer/toolchains/gnu_arm/4.9_2015q3/bin/../lib/gcc/arm-none-eabi/4.9.3/../../../../arm-none-eabi/lib/armv7e-m/softfp/libnosys.a(sbrk.o)
 .data          0x0000000000000000        0x0 /Applications/Simplicity Studio.app/Contents/Eclipse/developer/toolchains/gnu_arm/4.9_2015q3/bin/../lib/gcc/arm-none-eabi/4.9.3/../../../../arm-none-eabi/lib/armv7e-m/softfp/libnosys.a(sbrk.o)
 .bss           0x0000000000000000        0x0 /Applications/Simplicity Studio.app/Contents/Eclipse/developer/toolchains/gnu_arm/4.9_2015q3/bin/../lib/gcc/arm-none-eabi/4.9.3/../../../../arm-none-eabi/lib/armv7e-m/softfp/libnosys.a(sbrk.o)
 .text          0x0000000000000000        0x0 /Applications/Simplicity Studio.app/Contents/Eclipse/developer/toolchains/gnu_arm/4.9_2015q3/bin/../lib/gcc/arm-none-eabi/4.9.3/../../../../arm-none-eabi/lib/armv7e-m/softfp/libnosys.a(_exit.o)
 .data          0x0000000000000000        0x0 /Applications/Simplicity Studio.app/Contents/Eclipse/developer/toolchains/gnu_arm/4.9_2015q3/bin/../lib/gcc/arm-none-eabi/4.9.3/../../../../arm-none-eabi/lib/armv7e-m/softfp/libnosys.a(_exit.o)
 .bss           0x0000000000000000        0x0 /Applications/Simplicity Studio.app/Contents/Eclipse/developer/toolchains/gnu_arm/4.9_2015q3/bin/../lib/gcc/arm-none-eabi/4.9.3/../../../../arm-none-eabi/lib/armv7e-m/softfp/libnosys.a(_exit.o)
 .text          0x0000000000000000        0x0 /Applications/Simplicity Studio.app/Contents/Eclipse/developer/toolchains/gnu_arm/4.9_2015q3/bin/../lib/gcc/arm-none-eabi/4.9.3/armv7e-m/softfp/crtend.o
 .data          0x0000000000000000        0x0 /Applications/Simplicity Studio.app/Contents/Eclipse/developer/toolchains/gnu_arm/4.9_2015q3/bin/../lib/gcc/arm-none-eabi/4.9.3/armv7e-m/softfp/crtend.o
 .bss           0x0000000000000000        0x0 /Applications/Simplicity Studio.app/Contents/Eclipse/developer/toolchains/gnu_arm/4.9_2015q3/bin/../lib/gcc/arm-none-eabi/4.9.3/armv7e-m/softfp/crtend.o
 .text          0x0000000000000000        0x0 /Applications/Simplicity Studio.app/Contents/Eclipse/developer/toolchains/gnu_arm/4.9_2015q3/bin/../lib/gcc/arm-none-eabi/4.9.3/armv7e-m/softfp/crtn.o
 .data          0x0000000000000000        0x0 /Applications/Simplicity Studio.app/Contents/Eclipse/developer/toolchains/gnu_arm/4.9_2015q3/bin/../lib/gcc/arm-none-eabi/4.9.3/armv7e-m/softfp/crtn.o
 .bss           0x0000000000000000        0x0 /Applications/Simplicity Studio.app/Contents/Eclipse/developer/toolchains/gnu_arm/4.9_2015q3/bin/../lib/gcc/arm-none-eabi/4.9.3/armv7e-m/softfp/crtn.o

Memory Configuration

Name             Origin             Length             Attributes
FLASH            0x0000000000000000 0x0000000000040000 xr
RAM              0x0000000020000000 0x0000000000008000 xrw
*default*        0x0000000000000000 0xffffffffffffffff

Linker script and memory map

LOAD /Applications/Simplicity Studio.app/Contents/Eclipse/developer/toolchains/gnu_arm/4.9_2015q3/bin/../lib/gcc/arm-none-eabi/4.9.3/armv7e-m/softfp/crti.o
LOAD /Applications/Simplicity Studio.app/Contents/Eclipse/developer/toolchains/gnu_arm/4.9_2015q3/bin/../lib/gcc/arm-none-eabi/4.9.3/armv7e-m/softfp/crtbegin.o
LOAD /Applications/Simplicity Studio.app/Contents/Eclipse/developer/toolchains/gnu_arm/4.9_2015q3/bin/../lib/gcc/arm-none-eabi/4.9.3/../../../../arm-none-eabi/lib/armv7e-m/softfp/crt0.o
LOAD ./CMSIS/EFM32WG/startup_efm32wg.o
LOAD ./CMSIS/EFM32WG/system_efm32wg.o
LOAD ./emlib/em_adc.o
LOAD ./emlib/em_cmu.o
LOAD ./emlib/em_emu.o
LOAD ./emlib/em_gpio.o
LOAD ./emlib/em_int.o
LOAD ./emlib/em_rtc.o
LOAD ./emlib/em_system.o
LOAD ./emlib/em_timer.o
LOAD ./emlib/em_usart.o
LOAD ./src/epsilometer_CMU_init.o
LOAD ./src/epsilometer_GPIO_init.o
LOAD ./src/epsilometer_TIMER_init.o
LOAD ./src/epsilometer_analog.o
LOAD ./src/epsilometer_main.o
LOAD ./src/epsilometer_menu.o
START GROUP
LOAD /Applications/Simplicity Studio.app/Contents/Eclipse/developer/toolchains/gnu_arm/4.9_2015q3/bin/../lib/gcc/arm-none-eabi/4.9.3/armv7e-m/softfp/libgcc.a
LOAD /Applications/Simplicity Studio.app/Contents/Eclipse/developer/toolchains/gnu_arm/4.9_2015q3/bin/../lib/gcc/arm-none-eabi/4.9.3/../../../../arm-none-eabi/lib/armv7e-m/softfp/libc_nano.a
LOAD /Applications/Simplicity Studio.app/Contents/Eclipse/developer/toolchains/gnu_arm/4.9_2015q3/bin/../lib/gcc/arm-none-eabi/4.9.3/../../../../arm-none-eabi/lib/armv7e-m/softfp/libnosys.a
END GROUP
START GROUP
LOAD /Applications/Simplicity Studio.app/Contents/Eclipse/developer/toolchains/gnu_arm/4.9_2015q3/bin/../lib/gcc/arm-none-eabi/4.9.3/armv7e-m/softfp/libgcc.a
LOAD /Applications/Simplicity Studio.app/Contents/Eclipse/developer/toolchains/gnu_arm/4.9_2015q3/bin/../lib/gcc/arm-none-eabi/4.9.3/../../../../arm-none-eabi/lib/armv7e-m/softfp/libg_nano.a
LOAD /Applications/Simplicity Studio.app/Contents/Eclipse/developer/toolchains/gnu_arm/4.9_2015q3/bin/../lib/gcc/arm-none-eabi/4.9.3/../../../../arm-none-eabi/lib/armv7e-m/softfp/libc_nano.a
END GROUP
START GROUP
LOAD /Applications/Simplicity Studio.app/Contents/Eclipse/developer/toolchains/gnu_arm/4.9_2015q3/bin/../lib/gcc/arm-none-eabi/4.9.3/armv7e-m/softfp/libgcc.a
LOAD /Applications/Simplicity Studio.app/Contents/Eclipse/developer/toolchains/gnu_arm/4.9_2015q3/bin/../lib/gcc/arm-none-eabi/4.9.3/../../../../arm-none-eabi/lib/armv7e-m/softfp/libc_nano.a
END GROUP
LOAD /Applications/Simplicity Studio.app/Contents/Eclipse/developer/toolchains/gnu_arm/4.9_2015q3/bin/../lib/gcc/arm-none-eabi/4.9.3/armv7e-m/softfp/crtend.o
LOAD /Applications/Simplicity Studio.app/Contents/Eclipse/developer/toolchains/gnu_arm/4.9_2015q3/bin/../lib/gcc/arm-none-eabi/4.9.3/armv7e-m/softfp/crtn.o

.text           0x0000000000000000     0x2ba4
 *(.vectors)
 .vectors       0x0000000000000000       0xe0 ./CMSIS/EFM32WG/startup_efm32wg.o
                0x0000000000000000                __Vectors
                0x00000000000000e0                __Vectors_End = .
                0x00000000000000e0                __Vectors_Size = (__Vectors_End - __Vectors)
                0x00000000000000e0                __end__ = .
 *(.text*)
 .text          0x00000000000000e0       0x5c /Applications/Simplicity Studio.app/Contents/Eclipse/developer/toolchains/gnu_arm/4.9_2015q3/bin/../lib/gcc/arm-none-eabi/4.9.3/armv7e-m/softfp/crtbegin.o
 .text          0x000000000000013c       0x74 /Applications/Simplicity Studio.app/Contents/Eclipse/developer/toolchains/gnu_arm/4.9_2015q3/bin/../lib/gcc/arm-none-eabi/4.9.3/../../../../arm-none-eabi/lib/armv7e-m/softfp/crt0.o
                0x000000000000013c                _mainCRTStartup
                0x000000000000013c                _start
 .text          0x00000000000001b0       0x30 ./CMSIS/EFM32WG/startup_efm32wg.o
                0x00000000000001b0                Reset_Handler
                0x00000000000001dc                DebugMon_Handler
                0x00000000000001dc                USART0_TX_IRQHandler
                0x00000000000001dc                I2C0_IRQHandler
                0x00000000000001dc                HardFault_Handler
                0x00000000000001dc                LEUART1_IRQHandler
                0x00000000000001dc                SysTick_Handler
                0x00000000000001dc                USART1_RX_IRQHandler
                0x00000000000001dc                PendSV_Handler
                0x00000000000001dc                NMI_Handler
                0x00000000000001dc                I2C1_IRQHandler
                0x00000000000001dc                TIMER3_IRQHandler
                0x00000000000001dc                USART1_TX_IRQHandler
                0x00000000000001dc                MSC_IRQHandler
                0x00000000000001dc                ADC0_IRQHandler
                0x00000000000001dc                UsageFault_Handler
                0x00000000000001dc                LEUART0_IRQHandler
                0x00000000000001dc                FPUEH_IRQHandler
                0x00000000000001dc                GPIO_EVEN_IRQHandler
                0x00000000000001dc                UART0_TX_IRQHandler
                0x00000000000001dc                UART1_TX_IRQHandler
                0x00000000000001dc                RTC_IRQHandler
                0x00000000000001dc                TIMER0_IRQHandler
                0x00000000000001dc                LCD_IRQHandler
                0x00000000000001dc                PCNT2_IRQHandler
                0x00000000000001dc                UART0_RX_IRQHandler
                0x00000000000001dc                LETIMER0_IRQHandler
                0x00000000000001dc                TIMER1_IRQHandler
                0x00000000000001dc                USART2_RX_IRQHandler
                0x00000000000001dc                Default_Handler
                0x00000000000001dc                EMU_IRQHandler
                0x00000000000001dc                PCNT0_IRQHandler
                0x00000000000001dc                USB_IRQHandler
                0x00000000000001dc                BURTC_IRQHandler
                0x00000000000001dc                PCNT1_IRQHandler
                0x00000000000001dc                ACMP0_IRQHandler
                0x00000000000001dc                USART0_RX_IRQHandler
                0x00000000000001dc                MemManage_Handler
                0x00000000000001dc                SVC_Handler
                0x00000000000001dc                DAC0_IRQHandler
                0x00000000000001dc                UART1_RX_IRQHandler
                0x00000000000001dc                EBI_IRQHandler
                0x00000000000001dc                LESENSE_IRQHandler
                0x00000000000001dc                AES_IRQHandler
                0x00000000000001dc                VCMP_IRQHandler
                0x00000000000001dc                DMA_IRQHandler
                0x00000000000001dc                BusFault_Handler
                0x00000000000001dc                TIMER2_IRQHandler
                0x00000000000001dc                USART2_TX_IRQHandler
 .text.GetProdRev
                0x00000000000001e0       0x1c ./CMSIS/EFM32WG/system_efm32wg.o
 .text.SystemCoreClockGet
                0x00000000000001fc       0x34 ./CMSIS/EFM32WG/system_efm32wg.o
                0x00000000000001fc                SystemCoreClockGet
 .text.SystemMaxCoreClockGet
                0x0000000000000230       0x14 ./CMSIS/EFM32WG/system_efm32wg.o
                0x0000000000000230                SystemMaxCoreClockGet
 .text.SystemHFClockGet
                0x0000000000000244      0x100 ./CMSIS/EFM32WG/system_efm32wg.o
                0x0000000000000244                SystemHFClockGet
 .text.SystemHFXOClockGet
                0x0000000000000344       0x18 ./CMSIS/EFM32WG/system_efm32wg.o
                0x0000000000000344                SystemHFXOClockGet
 .text.SystemInit
                0x000000000000035c       0x20 ./CMSIS/EFM32WG/system_efm32wg.o
                0x000000000000035c                SystemInit
 .text.SystemLFRCOClockGet
                0x000000000000037c       0x14 ./CMSIS/EFM32WG/system_efm32wg.o
                0x000000000000037c                SystemLFRCOClockGet
 .text.SystemULFRCOClockGet
                0x0000000000000390       0x14 ./CMSIS/EFM32WG/system_efm32wg.o
                0x0000000000000390                SystemULFRCOClockGet
 .text.SystemLFXOClockGet
                0x00000000000003a4       0x18 ./CMSIS/EFM32WG/system_efm32wg.o
                0x00000000000003a4                SystemLFXOClockGet
 .text.BUS_RegBitWrite
                0x00000000000003bc       0x2c ./emlib/em_cmu.o
 .text.BUS_RegBitRead
                0x00000000000003e8       0x2c ./emlib/em_cmu.o
 .text.CMU_DivToLog2
                0x0000000000000414       0x34 ./emlib/em_cmu.o
 .text.SYSTEM_GetProdRev
                0x0000000000000448       0x1c ./emlib/em_cmu.o
 .text.setHfLeConfig
                0x0000000000000464       0x3c ./emlib/em_cmu.o
 .text.getHfLeConfig
                0x00000000000004a0       0x2c ./emlib/em_cmu.o
 .text.auxClkGet
                0x00000000000004cc       0xb0 ./emlib/em_cmu.o
 .text.dbgClkGet
                0x000000000000057c       0x40 ./emlib/em_cmu.o
 .text.flashWaitStateControl
                0x00000000000005bc       0xb8 ./emlib/em_cmu.o
 .text.flashWaitStateMax
                0x0000000000000674       0x14 ./emlib/em_cmu.o
 .text.lfClkGet
                0x0000000000000688       0xec ./emlib/em_cmu.o
 .text.syncReg  0x0000000000000774       0x34 ./emlib/em_cmu.o
 .text.CMU_ClockEnable
                0x00000000000007a8       0xd4 ./emlib/em_cmu.o
                0x00000000000007a8                CMU_ClockEnable
 .text.CMU_ClockFreqGet
                0x000000000000087c      0x1c8 ./emlib/em_cmu.o
                0x000000000000087c                CMU_ClockFreqGet
 .text.CMU_ClockSelectGet
                0x0000000000000a44      0x124 ./emlib/em_cmu.o
                0x0000000000000a44                CMU_ClockSelectGet
 .text.CMU_ClockSelectSet
                0x0000000000000b68      0x228 ./emlib/em_cmu.o
                0x0000000000000b68                CMU_ClockSelectSet
 .text.CMU_OscillatorEnable
                0x0000000000000d90       0xc0 ./emlib/em_cmu.o
                0x0000000000000d90                CMU_OscillatorEnable
 .text.EMU_UpdateOscConfig
                0x0000000000000e50       0x1c ./emlib/em_emu.o
                0x0000000000000e50                EMU_UpdateOscConfig
 .text.BUS_RegBitWrite
                0x0000000000000e6c       0x2c ./emlib/em_gpio.o
 .text.BUS_RegMaskedWrite
                0x0000000000000e98       0x28 ./emlib/em_gpio.o
 .text.GPIO_PinOutClear
                0x0000000000000ec0       0x58 ./emlib/em_gpio.o
 .text.GPIO_PinOutSet
                0x0000000000000f18       0x58 ./emlib/em_gpio.o
 .text.GPIO_ExtIntConfig
                0x0000000000000f70       0xd0 ./emlib/em_gpio.o
                0x0000000000000f70                GPIO_ExtIntConfig
 .text.GPIO_PinModeSet
                0x0000000000001040      0x10c ./emlib/em_gpio.o
                0x0000000000001040                GPIO_PinModeSet
 .text.BUS_RegMaskedWrite
                0x000000000000114c       0x28 ./emlib/em_usart.o
 .text.USART_BaudrateSyncSet
                0x0000000000001174       0x74 ./emlib/em_usart.o
                0x0000000000001174                USART_BaudrateSyncSet
 .text.USART_InitSync
                0x00000000000011e8       0xcc ./emlib/em_usart.o
                0x00000000000011e8                USART_InitSync
 .text.USART_Reset
                0x00000000000012b4       0x98 ./emlib/em_usart.o
                0x00000000000012b4                USART_Reset
 .text.USART_SpiTransfer
                0x000000000000134c       0x40 ./emlib/em_usart.o
                0x000000000000134c                USART_SpiTransfer
 .text.NVIC_EnableIRQ
                0x000000000000138c       0x30 ./src/epsilometer_CMU_init.o
 .text.CMU_IntClear
                0x00000000000013bc       0x1c ./src/epsilometer_CMU_init.o
 .text.CMU_IntEnable
                0x00000000000013d8       0x24 ./src/epsilometer_CMU_init.o
 .text.CMU_IntGet
                0x00000000000013fc       0x18 ./src/epsilometer_CMU_init.o
 .text.CMU_IRQHandler
                0x0000000000001414       0x40 ./src/epsilometer_CMU_init.o
                0x0000000000001414                CMU_IRQHandler
 .text.init_CMU
                0x0000000000001454       0x8c ./src/epsilometer_CMU_init.o
                0x0000000000001454                init_CMU
 .text.init_GPIO
                0x00000000000014e0       0x64 ./src/epsilometer_GPIO_init.o
                0x00000000000014e0                init_GPIO
 .text.init_TIMER
                0x0000000000001544      0x174 ./src/epsilometer_TIMER_init.o
                0x0000000000001544                init_TIMER
 .text.NVIC_EnableIRQ
                0x00000000000016b8       0x30 ./src/epsilometer_analog.o
 .text.NVIC_ClearPendingIRQ
                0x00000000000016e8       0x34 ./src/epsilometer_analog.o
 .text.GPIO_IntClear
                0x000000000000171c       0x20 ./src/epsilometer_analog.o
 .text.GPIO_IntDisable
                0x000000000000173c       0x28 ./src/epsilometer_analog.o
 .text.GPIO_IntEnable
                0x0000000000001764       0x28 ./src/epsilometer_analog.o
 .text.Set_Value_16Bit_Register
                0x000000000000178c       0x8c ./src/epsilometer_analog.o
                0x000000000000178c                Set_Value_16Bit_Register
 .text.define_ADC_configuration
                0x0000000000001818      0x3bc ./src/epsilometer_analog.o
                0x0000000000001818                define_ADC_configuration
 .text.AD7124_SetRegisterValue
                0x0000000000001bd4       0x78 ./src/epsilometer_analog.o
                0x0000000000001bd4                AD7124_SetRegisterValue
 .text.AD7124_GetRegisterValue
                0x0000000000001c4c       0x8c ./src/epsilometer_analog.o
                0x0000000000001c4c                AD7124_GetRegisterValue
 .text.AD7124_Reset
                0x0000000000001cd8       0x3c ./src/epsilometer_analog.o
                0x0000000000001cd8                AD7124_Reset
 .text.AD7124_Start_conversion
                0x0000000000001d14       0x48 ./src/epsilometer_analog.o
                0x0000000000001d14                AD7124_Start_conversion
 .text.AD7124_ConfigureDevice
                0x0000000000001d5c       0xbc ./src/epsilometer_analog.o
                0x0000000000001d5c                AD7124_ConfigureDevice
 .text.AD7124_ChipSelect
                0x0000000000001e18       0x28 ./src/epsilometer_analog.o
                0x0000000000001e18                AD7124_ChipSelect
 .text.SPI_xfer
                0x0000000000001e40       0x5c ./src/epsilometer_analog.o
                0x0000000000001e40                SPI_xfer
 .text.init_SPI
                0x0000000000001e9c       0x80 ./src/epsilometer_analog.o
                0x0000000000001e9c                init_SPI
 .text.setupGpioInt
                0x0000000000001f1c       0x38 ./src/epsilometer_analog.o
                0x0000000000001f1c                setupGpioInt
 .text.GPIO_ODD_IRQHandler
                0x0000000000001f54      0x17c ./src/epsilometer_analog.o
                0x0000000000001f54                GPIO_ODD_IRQHandler
 .text.CHIP_Init
                0x00000000000020d0        0xc ./src/epsilometer_main.o
 .text.main     0x00000000000020dc       0x20 ./src/epsilometer_main.o
                0x00000000000020dc                main
 .text.MADRE_Config
                0x00000000000020fc       0xbc ./src/epsilometer_menu.o
                0x00000000000020fc                MADRE_Config
 .text.MADRE_resume_sampling
                0x00000000000021b8       0x30 ./src/epsilometer_menu.o
                0x00000000000021b8                MADRE_resume_sampling
 .text          0x00000000000021e8      0x370 /Applications/Simplicity Studio.app/Contents/Eclipse/developer/toolchains/gnu_arm/4.9_2015q3/bin/../lib/gcc/arm-none-eabi/4.9.3/armv7e-m/softfp/libgcc.a(_arm_addsubdf3.o)
                0x00000000000021e8                __aeabi_drsub
                0x00000000000021f0                __subdf3
                0x00000000000021f0                __aeabi_dsub
                0x00000000000021f4                __aeabi_dadd
                0x00000000000021f4                __adddf3
                0x000000000000246c                __aeabi_ui2d
                0x000000000000246c                __floatunsidf
                0x000000000000248c                __floatsidf
                0x000000000000248c                __aeabi_i2d
                0x00000000000024b0                __extendsfdf2
                0x00000000000024b0                __aeabi_f2d
                0x00000000000024ec                __aeabi_ul2d
                0x00000000000024ec                __floatundidf
                0x00000000000024fc                __aeabi_l2d
                0x00000000000024fc                __floatdidf
 .text          0x0000000000002558      0x424 /Applications/Simplicity Studio.app/Contents/Eclipse/developer/toolchains/gnu_arm/4.9_2015q3/bin/../lib/gcc/arm-none-eabi/4.9.3/armv7e-m/softfp/libgcc.a(_arm_muldivdf3.o)
                0x0000000000002558                __aeabi_dmul
                0x0000000000002558                __muldf3
                0x00000000000027ac                __aeabi_ddiv
                0x00000000000027ac                __divdf3
 .text          0x000000000000297c       0x40 /Applications/Simplicity Studio.app/Contents/Eclipse/developer/toolchains/gnu_arm/4.9_2015q3/bin/../lib/gcc/arm-none-eabi/4.9.3/armv7e-m/softfp/libgcc.a(_arm_fixunsdfsi.o)
                0x000000000000297c                __fixunsdfsi
                0x000000000000297c                __aeabi_d2uiz
 .text.exit     0x00000000000029bc       0x28 /Applications/Simplicity Studio.app/Contents/Eclipse/developer/toolchains/gnu_arm/4.9_2015q3/bin/../lib/gcc/arm-none-eabi/4.9.3/../../../../arm-none-eabi/lib/armv7e-m/softfp/libc_nano.a(lib_a-exit.o)
                0x00000000000029bc                exit
 .text.__libc_init_array
                0x00000000000029e4       0x4c /Applications/Simplicity Studio.app/Contents/Eclipse/developer/toolchains/gnu_arm/4.9_2015q3/bin/../lib/gcc/arm-none-eabi/4.9.3/../../../../arm-none-eabi/lib/armv7e-m/softfp/libc_nano.a(lib_a-init.o)
                0x00000000000029e4                __libc_init_array
 .text.malloc   0x0000000000002a30       0x10 /Applications/Simplicity Studio.app/Contents/Eclipse/developer/toolchains/gnu_arm/4.9_2015q3/bin/../lib/gcc/arm-none-eabi/4.9.3/../../../../arm-none-eabi/lib/armv7e-m/softfp/libc_nano.a(lib_a-malloc.o)
                0x0000000000002a30                malloc
 .text.memset   0x0000000000002a40       0x10 /Applications/Simplicity Studio.app/Contents/Eclipse/developer/toolchains/gnu_arm/4.9_2015q3/bin/../lib/gcc/arm-none-eabi/4.9.3/../../../../arm-none-eabi/lib/armv7e-m/softfp/libc_nano.a(lib_a-memset.o)
                0x0000000000002a40                memset
 .text._malloc_r
                0x0000000000002a50       0xac /Applications/Simplicity Studio.app/Contents/Eclipse/developer/toolchains/gnu_arm/4.9_2015q3/bin/../lib/gcc/arm-none-eabi/4.9.3/../../../../arm-none-eabi/lib/armv7e-m/softfp/libc_nano.a(lib_a-nano-mallocr.o)
                0x0000000000002a50                _malloc_r
 .text._sbrk_r  0x0000000000002afc       0x20 /Applications/Simplicity Studio.app/Contents/Eclipse/developer/toolchains/gnu_arm/4.9_2015q3/bin/../lib/gcc/arm-none-eabi/4.9.3/../../../../arm-none-eabi/lib/armv7e-m/softfp/libc_nano.a(lib_a-sbrkr.o)
                0x0000000000002afc                _sbrk_r
 .text._sbrk    0x0000000000002b1c       0x1c /Applications/Simplicity Studio.app/Contents/Eclipse/developer/toolchains/gnu_arm/4.9_2015q3/bin/../lib/gcc/arm-none-eabi/4.9.3/../../../../arm-none-eabi/lib/armv7e-m/softfp/libnosys.a(sbrk.o)
                0x0000000000002b1c                _sbrk
 .text._exit    0x0000000000002b38        0x4 /Applications/Simplicity Studio.app/Contents/Eclipse/developer/toolchains/gnu_arm/4.9_2015q3/bin/../lib/gcc/arm-none-eabi/4.9.3/../../../../arm-none-eabi/lib/armv7e-m/softfp/libnosys.a(_exit.o)
                0x0000000000002b38                _exit
 *(.init)
 .init          0x0000000000002b3c        0x4 /Applications/Simplicity Studio.app/Contents/Eclipse/developer/toolchains/gnu_arm/4.9_2015q3/bin/../lib/gcc/arm-none-eabi/4.9.3/armv7e-m/softfp/crti.o
                0x0000000000002b3c                _init
 .init          0x0000000000002b40        0x8 /Applications/Simplicity Studio.app/Contents/Eclipse/developer/toolchains/gnu_arm/4.9_2015q3/bin/../lib/gcc/arm-none-eabi/4.9.3/armv7e-m/softfp/crtn.o
 *(.fini)
 .fini          0x0000000000002b48        0x4 /Applications/Simplicity Studio.app/Contents/Eclipse/developer/toolchains/gnu_arm/4.9_2015q3/bin/../lib/gcc/arm-none-eabi/4.9.3/armv7e-m/softfp/crti.o
                0x0000000000002b48                _fini
 .fini          0x0000000000002b4c        0x8 /Applications/Simplicity Studio.app/Contents/Eclipse/developer/toolchains/gnu_arm/4.9_2015q3/bin/../lib/gcc/arm-none-eabi/4.9.3/armv7e-m/softfp/crtn.o
 *crtbegin.o(.ctors)
 *crtbegin?.o(.ctors)
 *(EXCLUDE_FILE(*crtend.o *crtend?.o) .ctors)
 *(SORT(.ctors.*))
 *(.ctors)
 *crtbegin.o(.dtors)
 *crtbegin?.o(.dtors)
 *(EXCLUDE_FILE(*crtend.o *crtend?.o) .dtors)
 *(SORT(.dtors.*))
 *(.dtors)
 *(.rodata*)
 .rodata        0x0000000000002b54       0x44 ./src/epsilometer_analog.o
 .rodata.str1.1
                0x0000000000002b98        0x2 /Applications/Simplicity Studio.app/Contents/Eclipse/developer/toolchains/gnu_arm/4.9_2015q3/bin/../lib/gcc/arm-none-eabi/4.9.3/../../../../arm-none-eabi/lib/armv7e-m/softfp/libc_nano.a(lib_a-impure.o)
 *fill*         0x0000000000002b9a        0x2 
 .rodata._global_impure_ptr
                0x0000000000002b9c        0x4 /Applications/Simplicity Studio.app/Contents/Eclipse/developer/toolchains/gnu_arm/4.9_2015q3/bin/../lib/gcc/arm-none-eabi/4.9.3/../../../../arm-none-eabi/lib/armv7e-m/softfp/libc_nano.a(lib_a-impure.o)
                0x0000000000002b9c                _global_impure_ptr
 *(.eh_frame*)
 .eh_frame      0x0000000000002ba0        0x0 /Applications/Simplicity Studio.app/Contents/Eclipse/developer/toolchains/gnu_arm/4.9_2015q3/bin/../lib/gcc/arm-none-eabi/4.9.3/armv7e-m/softfp/crtbegin.o
 .eh_frame      0x0000000000002ba0        0x4 /Applications/Simplicity Studio.app/Contents/Eclipse/developer/toolchains/gnu_arm/4.9_2015q3/bin/../lib/gcc/arm-none-eabi/4.9.3/armv7e-m/softfp/crtend.o

.glue_7         0x0000000000002ba4        0x0
 .glue_7        0x0000000000000000        0x0 linker stubs

.glue_7t        0x0000000000002ba4        0x0
 .glue_7t       0x0000000000000000        0x0 linker stubs

.vfp11_veneer   0x0000000000002ba4        0x0
 .vfp11_veneer  0x0000000000000000        0x0 linker stubs

.v4_bx          0x0000000000002ba4        0x0
 .v4_bx         0x0000000000000000        0x0 linker stubs

.iplt           0x0000000000002ba4        0x0
 .iplt          0x0000000000000000        0x0 /Applications/Simplicity Studio.app/Contents/Eclipse/developer/toolchains/gnu_arm/4.9_2015q3/bin/../lib/gcc/arm-none-eabi/4.9.3/armv7e-m/softfp/crtbegin.o

.ARM.extab
 *(.ARM.extab* .gnu.linkonce.armextab.*)
                0x0000000000002ba4                __exidx_start = .

.ARM.exidx      0x0000000000002ba4        0x8
 *(.ARM.exidx* .gnu.linkonce.armexidx.*)
 .ARM.exidx     0x0000000000002ba4        0x8 /Applications/Simplicity Studio.app/Contents/Eclipse/developer/toolchains/gnu_arm/4.9_2015q3/bin/../lib/gcc/arm-none-eabi/4.9.3/../../../../arm-none-eabi/lib/armv7e-m/softfp/crt0.o
                0x0000000000002bac                __exidx_end = .
                0x0000000000002bac                __etext = .

.rel.dyn        0x0000000000002bac        0x0
 .rel.iplt      0x0000000000000000        0x0 /Applications/Simplicity Studio.app/Contents/Eclipse/developer/toolchains/gnu_arm/4.9_2015q3/bin/../lib/gcc/arm-none-eabi/4.9.3/armv7e-m/softfp/crtbegin.o

.data           0x0000000020000000      0x268 load address 0x0000000000002bac
                0x0000000020000000                __data_start__ = .
 *(vtable)
 *(.data*)
 .data.SystemHFXOClock
                0x0000000020000000        0x4 ./CMSIS/EFM32WG/system_efm32wg.o
 .data.SystemLFXOClock
                0x0000000020000004        0x4 ./CMSIS/EFM32WG/system_efm32wg.o
 .data.boardsetup
                0x0000000020000008       0x2c ./src/epsilometer_main.o
                0x0000000020000008                boardsetup
 .data.boardsetup_ptr
                0x0000000020000034        0x4 ./src/epsilometer_main.o
                0x0000000020000034                boardsetup_ptr
 .data.fp07_1   0x0000000020000038       0x34 ./src/epsilometer_main.o
                0x0000000020000038                fp07_1
 .data.fp07_2   0x000000002000006c       0x34 ./src/epsilometer_main.o
                0x000000002000006c                fp07_2
 .data.shr_1    0x00000000200000a0       0x34 ./src/epsilometer_main.o
                0x00000000200000a0                shr_1
 .data.shr_2    0x00000000200000d4       0x34 ./src/epsilometer_main.o
                0x00000000200000d4                shr_2
 .data.con_1    0x0000000020000108       0x34 ./src/epsilometer_main.o
                0x0000000020000108                con_1
 .data.ax       0x000000002000013c       0x34 ./src/epsilometer_main.o
                0x000000002000013c                ax
 .data.ay       0x0000000020000170       0x34 ./src/epsilometer_main.o
                0x0000000020000170                ay
 .data.az       0x00000000200001a4       0x34 ./src/epsilometer_main.o
                0x00000000200001a4                az
 .data.sensors  0x00000000200001d8       0x20 ./src/epsilometer_main.o
                0x00000000200001d8                sensors
 .data.impure_data
                0x00000000200001f8       0x60 /Applications/Simplicity Studio.app/Contents/Eclipse/developer/toolchains/gnu_arm/4.9_2015q3/bin/../lib/gcc/arm-none-eabi/4.9.3/../../../../arm-none-eabi/lib/armv7e-m/softfp/libc_nano.a(lib_a-impure.o)
 .data._impure_ptr
                0x0000000020000258        0x4 /Applications/Simplicity Studio.app/Contents/Eclipse/developer/toolchains/gnu_arm/4.9_2015q3/bin/../lib/gcc/arm-none-eabi/4.9.3/../../../../arm-none-eabi/lib/armv7e-m/softfp/libc_nano.a(lib_a-impure.o)
                0x0000000020000258                _impure_ptr
                0x000000002000025c                . = ALIGN (0x4)
 *(.ram)
                0x000000002000025c                . = ALIGN (0x4)
                0x000000002000025c                PROVIDE (__preinit_array_start, .)
 *(.preinit_array)
                0x000000002000025c                PROVIDE (__preinit_array_end, .)
                0x000000002000025c                . = ALIGN (0x4)
                0x000000002000025c                PROVIDE (__init_array_start, .)
 *(SORT(.init_array.*))
 *(.init_array)
 .init_array    0x000000002000025c        0x4 /Applications/Simplicity Studio.app/Contents/Eclipse/developer/toolchains/gnu_arm/4.9_2015q3/bin/../lib/gcc/arm-none-eabi/4.9.3/armv7e-m/softfp/crtbegin.o
                0x0000000020000260                PROVIDE (__init_array_end, .)
                0x0000000020000260                . = ALIGN (0x4)
                0x0000000020000260                PROVIDE (__fini_array_start, .)
 *(SORT(.fini_array.*))
 *(.fini_array)
 .fini_array    0x0000000020000260        0x4 /Applications/Simplicity Studio.app/Contents/Eclipse/developer/toolchains/gnu_arm/4.9_2015q3/bin/../lib/gcc/arm-none-eabi/4.9.3/armv7e-m/softfp/crtbegin.o
                0x0000000020000264                PROVIDE (__fini_array_end, .)
 *(.jcr*)
 .jcr           0x0000000020000264        0x0 /Applications/Simplicity Studio.app/Contents/Eclipse/developer/toolchains/gnu_arm/4.9_2015q3/bin/../lib/gcc/arm-none-eabi/4.9.3/armv7e-m/softfp/crtbegin.o
 .jcr           0x0000000020000264        0x4 /Applications/Simplicity Studio.app/Contents/Eclipse/developer/toolchains/gnu_arm/4.9_2015q3/bin/../lib/gcc/arm-none-eabi/4.9.3/armv7e-m/softfp/crtend.o
                0x0000000020000268                . = ALIGN (0x4)
                0x0000000020000268                __data_end__ = .

.igot.plt       0x0000000020000268        0x0 load address 0x0000000000002e14
 .igot.plt      0x0000000000000000        0x0 /Applications/Simplicity Studio.app/Contents/Eclipse/developer/toolchains/gnu_arm/4.9_2015q3/bin/../lib/gcc/arm-none-eabi/4.9.3/armv7e-m/softfp/crtbegin.o

.bss            0x0000000020000268       0x50 load address 0x0000000000002e14
                0x0000000020000268                . = ALIGN (0x4)
                0x0000000020000268                __bss_start__ = .
 *(.bss*)
 .bss           0x0000000020000268       0x1c /Applications/Simplicity Studio.app/Contents/Eclipse/developer/toolchains/gnu_arm/4.9_2015q3/bin/../lib/gcc/arm-none-eabi/4.9.3/armv7e-m/softfp/crtbegin.o
 .bss.cmuStatus
                0x0000000020000284        0x4 ./emlib/em_emu.o
 .bss.gulclockset
                0x0000000020000288        0x4 ./src/epsilometer_CMU_init.o
                0x0000000020000288                gulclockset
 .bss.__malloc_sbrk_start
                0x000000002000028c        0x4 /Applications/Simplicity Studio.app/Contents/Eclipse/developer/toolchains/gnu_arm/4.9_2015q3/bin/../lib/gcc/arm-none-eabi/4.9.3/../../../../arm-none-eabi/lib/armv7e-m/softfp/libc_nano.a(lib_a-nano-mallocr.o)
                0x000000002000028c                __malloc_sbrk_start
 .bss.__malloc_free_list
                0x0000000020000290        0x4 /Applications/Simplicity Studio.app/Contents/Eclipse/developer/toolchains/gnu_arm/4.9_2015q3/bin/../lib/gcc/arm-none-eabi/4.9.3/../../../../arm-none-eabi/lib/armv7e-m/softfp/libc_nano.a(lib_a-nano-mallocr.o)
                0x0000000020000290                __malloc_free_list
 .bss.heap_end.4079
                0x0000000020000294        0x4 /Applications/Simplicity Studio.app/Contents/Eclipse/developer/toolchains/gnu_arm/4.9_2015q3/bin/../lib/gcc/arm-none-eabi/4.9.3/../../../../arm-none-eabi/lib/armv7e-m/softfp/libnosys.a(sbrk.o)
 *(COMMON)
 COMMON         0x0000000020000298        0x4 ./CMSIS/EFM32WG/system_efm32wg.o
                0x0000000020000298                SystemCoreClock
 COMMON         0x000000002000029c       0x18 ./src/epsilometer_GPIO_init.o
                0x000000002000029c                pendingSamples
                0x00000000200002a0                State
                0x00000000200002a4                dataBuffer
                0x00000000200002a8                channelSample
                0x00000000200002ac                byte_per_sample
                0x00000000200002b0                buffer_size
 COMMON         0x00000000200002b4        0x4 /Applications/Simplicity Studio.app/Contents/Eclipse/developer/toolchains/gnu_arm/4.9_2015q3/bin/../lib/gcc/arm-none-eabi/4.9.3/../../../../arm-none-eabi/lib/armv7e-m/softfp/libc_nano.a(lib_a-reent.o)
                0x00000000200002b4                errno
                0x00000000200002b8                . = ALIGN (0x4)
                0x00000000200002b8                __bss_end__ = .

.heap           0x00000000200002b8      0xc00
                0x00000000200002b8                __HeapBase = .
                0x00000000200002b8                __end__ = .
                0x00000000200002b8                end = __end__
                0x00000000200002b8                _end = __end__
 *(.heap*)
 .heap          0x00000000200002b8      0xc00 ./CMSIS/EFM32WG/startup_efm32wg.o
                0x0000000020000eb8                __HeapLimit = .

.stack_dummy    0x00000000200002b8      0x400
 *(.stack*)
 .stack         0x00000000200002b8      0x400 ./CMSIS/EFM32WG/startup_efm32wg.o
                0x0000000020008000                __StackTop = (ORIGIN (RAM) + 0x8000)
                0x0000000020007c00                __StackLimit = (__StackTop - SIZEOF (.stack_dummy))
                0x0000000020008000                PROVIDE (__stack, __StackTop)
                0x0000000000000001                ASSERT ((__StackLimit >= __HeapLimit), region RAM overflowed with stack)
                0x0000000000000001                ASSERT ((0x40000 >= (__etext + SIZEOF (.data))), FLASH memory overflowed !)
OUTPUT(ADC_MADRE.axf elf32-littlearm)

.ARM.attributes
                0x0000000000000000       0x2e
 .ARM.attributes
                0x0000000000000000       0x22 /Applications/Simplicity Studio.app/Contents/Eclipse/developer/toolchains/gnu_arm/4.9_2015q3/bin/../lib/gcc/arm-none-eabi/4.9.3/armv7e-m/softfp/crti.o
 .ARM.attributes
                0x0000000000000022       0x32 /Applications/Simplicity Studio.app/Contents/Eclipse/developer/toolchains/gnu_arm/4.9_2015q3/bin/../lib/gcc/arm-none-eabi/4.9.3/armv7e-m/softfp/crtbegin.o
 .ARM.attributes
                0x0000000000000054       0x20 /Applications/Simplicity Studio.app/Contents/Eclipse/developer/toolchains/gnu_arm/4.9_2015q3/bin/../lib/gcc/arm-none-eabi/4.9.3/../../../../arm-none-eabi/lib/armv7e-m/softfp/crt0.o
 .ARM.attributes
                0x0000000000000074       0x1b ./CMSIS/EFM32WG/startup_efm32wg.o
 .ARM.attributes
                0x000000000000008f       0x37 ./CMSIS/EFM32WG/system_efm32wg.o
 .ARM.attributes
                0x00000000000000c6       0x37 ./emlib/em_cmu.o
 .ARM.attributes
                0x00000000000000fd       0x37 ./emlib/em_emu.o
 .ARM.attributes
                0x0000000000000134       0x37 ./emlib/em_gpio.o
 .ARM.attributes
                0x000000000000016b       0x37 ./emlib/em_usart.o
 .ARM.attributes
                0x00000000000001a2       0x37 ./src/epsilometer_CMU_init.o
 .ARM.attributes
                0x00000000000001d9       0x37 ./src/epsilometer_GPIO_init.o
 .ARM.attributes
                0x0000000000000210       0x37 ./src/epsilometer_TIMER_init.o
 .ARM.attributes
                0x0000000000000247       0x37 ./src/epsilometer_analog.o
 .ARM.attributes
                0x000000000000027e       0x37 ./src/epsilometer_main.o
 .ARM.attributes
                0x00000000000002b5       0x37 ./src/epsilometer_menu.o
 .ARM.attributes
                0x00000000000002ec       0x22 /Applications/Simplicity Studio.app/Contents/Eclipse/developer/toolchains/gnu_arm/4.9_2015q3/bin/../lib/gcc/arm-none-eabi/4.9.3/armv7e-m/softfp/libgcc.a(_arm_addsubdf3.o)
 .ARM.attributes
                0x000000000000030e       0x22 /Applications/Simplicity Studio.app/Contents/Eclipse/developer/toolchains/gnu_arm/4.9_2015q3/bin/../lib/gcc/arm-none-eabi/4.9.3/armv7e-m/softfp/libgcc.a(_arm_muldivdf3.o)
 .ARM.attributes
                0x0000000000000330       0x22 /Applications/Simplicity Studio.app/Contents/Eclipse/developer/toolchains/gnu_arm/4.9_2015q3/bin/../lib/gcc/arm-none-eabi/4.9.3/armv7e-m/softfp/libgcc.a(_arm_fixunsdfsi.o)
 .ARM.attributes
                0x0000000000000352       0x32 /Applications/Simplicity Studio.app/Contents/Eclipse/developer/toolchains/gnu_arm/4.9_2015q3/bin/../lib/gcc/arm-none-eabi/4.9.3/../../../../arm-none-eabi/lib/armv7e-m/softfp/libc_nano.a(lib_a-exit.o)
 .ARM.attributes
                0x0000000000000384       0x32 /Applications/Simplicity Studio.app/Contents/Eclipse/developer/toolchains/gnu_arm/4.9_2015q3/bin/../lib/gcc/arm-none-eabi/4.9.3/../../../../arm-none-eabi/lib/armv7e-m/softfp/libc_nano.a(lib_a-impure.o)
 .ARM.attributes
                0x00000000000003b6       0x32 /Applications/Simplicity Studio.app/Contents/Eclipse/developer/toolchains/gnu_arm/4.9_2015q3/bin/../lib/gcc/arm-none-eabi/4.9.3/../../../../arm-none-eabi/lib/armv7e-m/softfp/libc_nano.a(lib_a-init.o)
 .ARM.attributes
                0x00000000000003e8       0x32 /Applications/Simplicity Studio.app/Contents/Eclipse/developer/toolchains/gnu_arm/4.9_2015q3/bin/../lib/gcc/arm-none-eabi/4.9.3/../../../../arm-none-eabi/lib/armv7e-m/softfp/libc_nano.a(lib_a-malloc.o)
 .ARM.attributes
                0x000000000000041a       0x32 /Applications/Simplicity Studio.app/Contents/Eclipse/developer/toolchains/gnu_arm/4.9_2015q3/bin/../lib/gcc/arm-none-eabi/4.9.3/../../../../arm-none-eabi/lib/armv7e-m/softfp/libc_nano.a(lib_a-memset.o)
 .ARM.attributes
                0x000000000000044c       0x32 /Applications/Simplicity Studio.app/Contents/Eclipse/developer/toolchains/gnu_arm/4.9_2015q3/bin/../lib/gcc/arm-none-eabi/4.9.3/../../../../arm-none-eabi/lib/armv7e-m/softfp/libc_nano.a(lib_a-nano-mallocr.o)
 .ARM.attributes
                0x000000000000047e       0x32 /Applications/Simplicity Studio.app/Contents/Eclipse/developer/toolchains/gnu_arm/4.9_2015q3/bin/../lib/gcc/arm-none-eabi/4.9.3/../../../../arm-none-eabi/lib/armv7e-m/softfp/libc_nano.a(lib_a-sbrkr.o)
 .ARM.attributes
                0x00000000000004b0       0x32 /Applications/Simplicity Studio.app/Contents/Eclipse/developer/toolchains/gnu_arm/4.9_2015q3/bin/../lib/gcc/arm-none-eabi/4.9.3/../../../../arm-none-eabi/lib/armv7e-m/softfp/libc_nano.a(lib_a-reent.o)
 .ARM.attributes
                0x00000000000004e2       0x32 /Applications/Simplicity Studio.app/Contents/Eclipse/developer/toolchains/gnu_arm/4.9_2015q3/bin/../lib/gcc/arm-none-eabi/4.9.3/../../../../arm-none-eabi/lib/armv7e-m/softfp/libnosys.a(sbrk.o)
 .ARM.attributes
                0x0000000000000514       0x32 /Applications/Simplicity Studio.app/Contents/Eclipse/developer/toolchains/gnu_arm/4.9_2015q3/bin/../lib/gcc/arm-none-eabi/4.9.3/../../../../arm-none-eabi/lib/armv7e-m/softfp/libnosys.a(_exit.o)
 .ARM.attributes
                0x0000000000000546       0x32 /Applications/Simplicity Studio.app/Contents/Eclipse/developer/toolchains/gnu_arm/4.9_2015q3/bin/../lib/gcc/arm-none-eabi/4.9.3/armv7e-m/softfp/crtend.o
 .ARM.attributes
                0x0000000000000578       0x22 /Applications/Simplicity Studio.app/Contents/Eclipse/developer/toolchains/gnu_arm/4.9_2015q3/bin/../lib/gcc/arm-none-eabi/4.9.3/armv7e-m/softfp/crtn.o

.comment        0x0000000000000000       0x70
 .comment       0x0000000000000000       0x70 ./CMSIS/EFM32WG/system_efm32wg.o
                                         0x71 (size before relaxing)
 .comment       0x0000000000000000       0x71 ./emlib/em_cmu.o
 .comment       0x0000000000000000       0x71 ./emlib/em_emu.o
 .comment       0x0000000000000000       0x71 ./emlib/em_gpio.o
 .comment       0x0000000000000000       0x71 ./emlib/em_usart.o
 .comment       0x0000000000000000       0x71 ./src/epsilometer_CMU_init.o
 .comment       0x0000000000000000       0x71 ./src/epsilometer_GPIO_init.o
 .comment       0x0000000000000000       0x71 ./src/epsilometer_TIMER_init.o
 .comment       0x0000000000000000       0x71 ./src/epsilometer_analog.o
 .comment       0x0000000000000000       0x71 ./src/epsilometer_main.o
 .comment       0x0000000000000000       0x71 ./src/epsilometer_menu.o

.debug_line     0x0000000000000000     0x33e3
 .debug_line    0x0000000000000000       0xdf ./CMSIS/EFM32WG/startup_efm32wg.o
 .debug_line    0x00000000000000df      0x36a ./CMSIS/EFM32WG/system_efm32wg.o
 .debug_line    0x0000000000000449      0xa13 ./emlib/em_cmu.o
 .debug_line    0x0000000000000e5c      0x5db ./emlib/em_emu.o
 .debug_line    0x0000000000001437      0x514 ./emlib/em_gpio.o
 .debug_line    0x000000000000194b      0x69b ./emlib/em_usart.o
 .debug_line    0x0000000000001fe6      0x35b ./src/epsilometer_CMU_init.o
 .debug_line    0x0000000000002341      0x2bf ./src/epsilometer_GPIO_init.o
 .debug_line    0x0000000000002600      0x29d ./src/epsilometer_TIMER_init.o
 .debug_line    0x000000000000289d      0x626 ./src/epsilometer_analog.o
 .debug_line    0x0000000000002ec3      0x2ce ./src/epsilometer_main.o
 .debug_line    0x0000000000003191      0x252 ./src/epsilometer_menu.o

.debug_info     0x0000000000000000     0x69b7
 .debug_info    0x0000000000000000      0x10b ./CMSIS/EFM32WG/startup_efm32wg.o
 .debug_info    0x000000000000010b      0x74a ./CMSIS/EFM32WG/system_efm32wg.o
 .debug_info    0x0000000000000855     0x11f6 ./emlib/em_cmu.o
 .debug_info    0x0000000000001a4b      0xdd1 ./emlib/em_emu.o
 .debug_info    0x000000000000281c      0x65a ./emlib/em_gpio.o
 .debug_info    0x0000000000002e76      0xee1 ./emlib/em_usart.o
 .debug_info    0x0000000000003d57      0x800 ./src/epsilometer_CMU_init.o
 .debug_info    0x0000000000004557      0x3d9 ./src/epsilometer_GPIO_init.o
 .debug_info    0x0000000000004930      0x2ae ./src/epsilometer_TIMER_init.o
 .debug_info    0x0000000000004bde     0x14a0 ./src/epsilometer_analog.o
 .debug_info    0x000000000000607e      0x4f8 ./src/epsilometer_main.o
 .debug_info    0x0000000000006576      0x441 ./src/epsilometer_menu.o

.debug_abbrev   0x0000000000000000     0x1308
 .debug_abbrev  0x0000000000000000       0x14 ./CMSIS/EFM32WG/startup_efm32wg.o
 .debug_abbrev  0x0000000000000014      0x1a5 ./CMSIS/EFM32WG/system_efm32wg.o
 .debug_abbrev  0x00000000000001b9      0x2ed ./emlib/em_cmu.o
 .debug_abbrev  0x00000000000004a6      0x252 ./emlib/em_emu.o
 .debug_abbrev  0x00000000000006f8      0x1cd ./emlib/em_gpio.o
 .debug_abbrev  0x00000000000008c5      0x1dd ./emlib/em_usart.o
 .debug_abbrev  0x0000000000000aa2      0x17b ./src/epsilometer_CMU_init.o
 .debug_abbrev  0x0000000000000c1d      0x12c ./src/epsilometer_GPIO_init.o
 .debug_abbrev  0x0000000000000d49       0xbe ./src/epsilometer_TIMER_init.o
 .debug_abbrev  0x0000000000000e07      0x2bf ./src/epsilometer_analog.o
 .debug_abbrev  0x00000000000010c6      0x11d ./src/epsilometer_main.o
 .debug_abbrev  0x00000000000011e3      0x125 ./src/epsilometer_menu.o

.debug_aranges  0x0000000000000000      0x550
 .debug_aranges
                0x0000000000000000       0x20 ./CMSIS/EFM32WG/startup_efm32wg.o
 .debug_aranges
                0x0000000000000020       0x70 ./CMSIS/EFM32WG/system_efm32wg.o
 .debug_aranges
                0x0000000000000090      0x150 ./emlib/em_cmu.o
 .debug_aranges
                0x00000000000001e0       0xa8 ./emlib/em_emu.o
 .debug_aranges
                0x0000000000000288       0x70 ./emlib/em_gpio.o
 .debug_aranges
                0x00000000000002f8       0xc0 ./emlib/em_usart.o
 .debug_aranges
                0x00000000000003b8       0x48 ./src/epsilometer_CMU_init.o
 .debug_aranges
                0x0000000000000400       0x20 ./src/epsilometer_GPIO_init.o
 .debug_aranges
                0x0000000000000420       0x20 ./src/epsilometer_TIMER_init.o
 .debug_aranges
                0x0000000000000440       0xc0 ./src/epsilometer_analog.o
 .debug_aranges
                0x0000000000000500       0x28 ./src/epsilometer_main.o
 .debug_aranges
                0x0000000000000528       0x28 ./src/epsilometer_menu.o

.debug_loc      0x0000000000000000     0x2ac0
 .debug_loc     0x0000000000000000      0x31c ./CMSIS/EFM32WG/system_efm32wg.o
 .debug_loc     0x000000000000031c      0xc6c ./emlib/em_cmu.o
 .debug_loc     0x0000000000000f88      0x5a0 ./emlib/em_emu.o
 .debug_loc     0x0000000000001528      0x3d0 ./emlib/em_gpio.o
 .debug_loc     0x00000000000018f8      0x72e ./emlib/em_usart.o
 .debug_loc     0x0000000000002026      0x1d4 ./src/epsilometer_CMU_init.o
 .debug_loc     0x00000000000021fa       0x50 ./src/epsilometer_GPIO_init.o
 .debug_loc     0x000000000000224a       0x5c ./src/epsilometer_TIMER_init.o
 .debug_loc     0x00000000000022a6      0x70a ./src/epsilometer_analog.o
 .debug_loc     0x00000000000029b0       0x70 ./src/epsilometer_main.o
 .debug_loc     0x0000000000002a20       0xa0 ./src/epsilometer_menu.o

.debug_ranges   0x0000000000000000      0x480
 .debug_ranges  0x0000000000000000       0x60 ./CMSIS/EFM32WG/system_efm32wg.o
 .debug_ranges  0x0000000000000060      0x140 ./emlib/em_cmu.o
 .debug_ranges  0x00000000000001a0       0x98 ./emlib/em_emu.o
 .debug_ranges  0x0000000000000238       0x60 ./emlib/em_gpio.o
 .debug_ranges  0x0000000000000298       0xb0 ./emlib/em_usart.o
 .debug_ranges  0x0000000000000348       0x38 ./src/epsilometer_CMU_init.o
 .debug_ranges  0x0000000000000380       0x10 ./src/epsilometer_GPIO_init.o
 .debug_ranges  0x0000000000000390       0x10 ./src/epsilometer_TIMER_init.o
 .debug_ranges  0x00000000000003a0       0xb0 ./src/epsilometer_analog.o
 .debug_ranges  0x0000000000000450       0x18 ./src/epsilometer_main.o
 .debug_ranges  0x0000000000000468       0x18 ./src/epsilometer_menu.o

.debug_str      0x0000000000000000     0x2a09
 .debug_str     0x0000000000000000      0x4b0 ./CMSIS/EFM32WG/system_efm32wg.o
                                        0x530 (size before relaxing)
 .debug_str     0x00000000000004b0      0x9c6 ./emlib/em_cmu.o
                                        0xd51 (size before relaxing)
 .debug_str     0x0000000000000e76      0x514 ./emlib/em_emu.o
                                        0x88e (size before relaxing)
 .debug_str     0x000000000000138a      0x418 ./emlib/em_gpio.o
                                        0x631 (size before relaxing)
 .debug_str     0x00000000000017a2      0x9b9 ./emlib/em_usart.o
                                        0xe0a (size before relaxing)
 .debug_str     0x000000000000215b      0x298 ./src/epsilometer_CMU_init.o
                                        0x923 (size before relaxing)
 .debug_str     0x00000000000023f3      0x166 ./src/epsilometer_GPIO_init.o
                                        0x542 (size before relaxing)
 .debug_str     0x0000000000002559       0xab ./src/epsilometer_TIMER_init.o
                                        0x2d6 (size before relaxing)
 .debug_str     0x0000000000002604      0x341 ./src/epsilometer_analog.o
                                       0x117e (size before relaxing)
 .debug_str     0x0000000000002945       0x54 ./src/epsilometer_main.o
                                        0x4d2 (size before relaxing)
 .debug_str     0x0000000000002999       0x70 ./src/epsilometer_menu.o
                                        0x4b2 (size before relaxing)

.debug_frame    0x0000000000000000     0x15a8
 .debug_frame   0x0000000000000000      0x180 ./CMSIS/EFM32WG/system_efm32wg.o
 .debug_frame   0x0000000000000180      0x5c0 ./emlib/em_cmu.o
 .debug_frame   0x0000000000000740      0x29c ./emlib/em_emu.o
 .debug_frame   0x00000000000009dc      0x1c0 ./emlib/em_gpio.o
 .debug_frame   0x0000000000000b9c      0x338 ./emlib/em_usart.o
 .debug_frame   0x0000000000000ed4       0xe8 ./src/epsilometer_CMU_init.o
 .debug_frame   0x0000000000000fbc       0x34 ./src/epsilometer_GPIO_init.o
 .debug_frame   0x0000000000000ff0       0x38 ./src/epsilometer_TIMER_init.o
 .debug_frame   0x0000000000001028      0x344 ./src/epsilometer_analog.o
 .debug_frame   0x000000000000136c       0x4c ./src/epsilometer_main.o
 .debug_frame   0x00000000000013b8       0x58 ./src/epsilometer_menu.o
 .debug_frame   0x0000000000001410       0x28 /Applications/Simplicity Studio.app/Contents/Eclipse/developer/toolchains/gnu_arm/4.9_2015q3/bin/../lib/gcc/arm-none-eabi/4.9.3/../../../../arm-none-eabi/lib/armv7e-m/softfp/libc_nano.a(lib_a-exit.o)
 .debug_frame   0x0000000000001438       0x2c /Applications/Simplicity Studio.app/Contents/Eclipse/developer/toolchains/gnu_arm/4.9_2015q3/bin/../lib/gcc/arm-none-eabi/4.9.3/../../../../arm-none-eabi/lib/armv7e-m/softfp/libc_nano.a(lib_a-init.o)
 .debug_frame   0x0000000000001464       0x30 /Applications/Simplicity Studio.app/Contents/Eclipse/developer/toolchains/gnu_arm/4.9_2015q3/bin/../lib/gcc/arm-none-eabi/4.9.3/../../../../arm-none-eabi/lib/armv7e-m/softfp/libc_nano.a(lib_a-malloc.o)
 .debug_frame   0x0000000000001494       0x20 /Applications/Simplicity Studio.app/Contents/Eclipse/developer/toolchains/gnu_arm/4.9_2015q3/bin/../lib/gcc/arm-none-eabi/4.9.3/../../../../arm-none-eabi/lib/armv7e-m/softfp/libc_nano.a(lib_a-memset.o)
 .debug_frame   0x00000000000014b4       0x2c /Applications/Simplicity Studio.app/Contents/Eclipse/developer/toolchains/gnu_arm/4.9_2015q3/bin/../lib/gcc/arm-none-eabi/4.9.3/../../../../arm-none-eabi/lib/armv7e-m/softfp/libc_nano.a(lib_a-nano-mallocr.o)
 .debug_frame   0x00000000000014e0       0x2c /Applications/Simplicity Studio.app/Contents/Eclipse/developer/toolchains/gnu_arm/4.9_2015q3/bin/../lib/gcc/arm-none-eabi/4.9.3/../../../../arm-none-eabi/lib/armv7e-m/softfp/libc_nano.a(lib_a-sbrkr.o)
 .debug_frame   0x000000000000150c       0x5c /Applications/Simplicity Studio.app/Contents/Eclipse/developer/toolchains/gnu_arm/4.9_2015q3/bin/../lib/gcc/arm-none-eabi/4.9.3/../../../../arm-none-eabi/lib/armv7e-m/softfp/libc_nano.a(lib_a-reent.o)
 .debug_frame   0x0000000000001568       0x20 /Applications/Simplicity Studio.app/Contents/Eclipse/developer/toolchains/gnu_arm/4.9_2015q3/bin/../lib/gcc/arm-none-eabi/4.9.3/../../../../arm-none-eabi/lib/armv7e-m/softfp/libnosys.a(sbrk.o)
 .debug_frame   0x0000000000001588       0x20 /Applications/Simplicity Studio.app/Contents/Eclipse/developer/toolchains/gnu_arm/4.9_2015q3/bin/../lib/gcc/arm-none-eabi/4.9.3/../../../../arm-none-eabi/lib/armv7e-m/softfp/libnosys.a(_exit.o)
